../Core/Src/main.c:76:5:main	16	static
../Core/Src/main.c:174:6:SystemClock_Config	88	static
../Core/Src/main.c:231:13:MX_ETH_Init	8	static
../Core/Src/main.c:278:13:MX_USART3_UART_Init	8	static
../Core/Src/main.c:313:13:MX_GPIO_Init	56	static
../Core/Src/main.c:367:13:protimer_event_dispatcher	32	static
../Core/Src/main.c:399:16:process_button_pad_value	16	static
../Core/Src/main.c:439:13:protimer_state_table_init	16	static
../Core/Src/main.c:457:6:xITM_SendChar	16	static
../Core/Src/main.c:472:5:_write	32	static
../Core/Src/main.c:490:6:Error_Handler	4	static,ignoring_inline_asm
