../Core/Src/protimer_state_mach.c:37:6:protimer_init	24	static
../Core/Src/protimer_state_mach.c:64:16:IDLE_Entry	16	static
../Core/Src/protimer_state_mach.c:72:16:IDLE_Exit	16	static
../Core/Src/protimer_state_mach.c:77:16:IDLE_IncTime	16	static
../Core/Src/protimer_state_mach.c:83:16:IDLE_StartPause	16	static
../Core/Src/protimer_state_mach.c:88:16:IDLE_TimeTick	16	static
../Core/Src/protimer_state_mach.c:100:16:TIMESET_Entry	16	static
../Core/Src/protimer_state_mach.c:105:16:TIMESET_Exit	16	static
../Core/Src/protimer_state_mach.c:110:16:TIMESET_IncTime	16	static
../Core/Src/protimer_state_mach.c:116:16:TIMESET_DecTime	16	static
../Core/Src/protimer_state_mach.c:125:16:TIMESET_Abort	16	static
../Core/Src/protimer_state_mach.c:130:16:TIMESET_StartPause	16	static
../Core/Src/protimer_state_mach.c:143:16:COUNTDOWN_Exit	16	static
../Core/Src/protimer_state_mach.c:149:16:COUNTDOWN_TimeTick	16	static
../Core/Src/protimer_state_mach.c:168:16:COUNTDOWN_StartPause	16	static
../Core/Src/protimer_state_mach.c:174:16:COUNTDOWN_Abort	16	static
../Core/Src/protimer_state_mach.c:182:16:PAUSE_Entry	16	static
../Core/Src/protimer_state_mach.c:187:16:PAUSE_Exit	16	static
../Core/Src/protimer_state_mach.c:192:16:PAUSE_IncTime	16	static
../Core/Src/protimer_state_mach.c:198:16:PAUSE_DecTime	16	static
../Core/Src/protimer_state_mach.c:207:16:PAUSE_Abort	16	static
../Core/Src/protimer_state_mach.c:212:16:PAUSE_StartPause	16	static
../Core/Src/protimer_state_mach.c:219:16:STAT_Entry	16	static
../Core/Src/protimer_state_mach.c:225:16:STAT_Exit	16	static
../Core/Src/protimer_state_mach.c:230:16:STAT_TimeTick	16	static
../Core/Src/protimer_state_mach.c:244:13:Display_Time	24	static
../Core/Src/protimer_state_mach.c:250:13:Display_Message	16	static,ignoring_inline_asm
../Core/Src/protimer_state_mach.c:255:13:Display_Clear	16	static,ignoring_inline_asm
../Core/Src/protimer_state_mach.c:260:13:Do_Beep	8	static,ignoring_inline_asm
