C:/Users/furkan.altay/STM32CubeIDE/workspace_1.7.1/CommTestAO/QPC/Inc/qpset.h:80:20:QPSet_notEmpty	16	static
C:/Users/furkan.altay/STM32CubeIDE/workspace_1.7.1/CommTestAO/QPC/Inc/qpset.h:95:20:QPSet_remove	16	static
C:/Users/furkan.altay/STM32CubeIDE/workspace_1.7.1/CommTestAO/QPC/Inc/qpset.h:102:28:QPSet_findMax	16	static
../QPC/Src/qv.c:65:6:QF_init	8	static
../QPC/Src/qv.c:96:6:QF_stop	8	static
../QPC/Src/qv.c:109:7:QF_run	24	static,ignoring_inline_asm
../QPC/Src/qv.c:208:6:QActive_start_	24	static
