../Core/Src/main.c:77:5:main	40	static
../Core/Src/main.c:157:6:SystemClock_Config	216	static
../Core/Src/main.c:212:13:MX_ETH_Init	8	static
../Core/Src/main.c:259:13:MX_USART3_UART_Init	8	static
../Core/Src/main.c:294:13:MX_USB_OTG_FS_PCD_Init	8	static
../Core/Src/main.c:329:13:MX_GPIO_Init	56	static
../Core/Src/main.c:377:5:operation	24	static
../Core/Src/main.c:381:5:add	16	static
../Core/Src/main.c:385:5:sub	16	static
../Core/Src/main.c:389:5:mul	16	static
../Core/Src/main.c:399:6:Error_Handler	4	static,ignoring_inline_asm
