../Drivers/CMSIS/Include/core_cm7.h:2147:34:__NVIC_SystemReset	4	static,ignoring_inline_asm
../Core/Src/main.c:82:5:main	32	static
../Core/Src/main.c:163:6:SystemClock_Config	88	static
../Core/Src/main.c:220:13:MX_TIM6_Init	24	static
../Core/Src/main.c:258:13:MX_USART3_UART_Init	8	static
../Core/Src/main.c:291:13:MX_DMA_Init	16	static
../Core/Src/main.c:312:13:MX_GPIO_Init	56	static
../Core/Src/main.c:377:6:Q_onAssert	16	static
../Core/Src/main.c:390:6:HAL_SYSTICK_Callback	8	static,ignoring_inline_asm
../Core/Src/main.c:407:6:HAL_ETH_RxCpltCallback	16	static,ignoring_inline_asm
../Core/Src/main.c:426:6:HAL_TIM_PeriodElapsedCallback	16	static
../Core/Src/main.c:439:6:QV_onIdle	4	static,ignoring_inline_asm
../Core/Src/main.c:448:6:QF_onStartup	4	static
../Core/Src/main.c:458:6:Error_Handler	4	static,ignoring_inline_asm
