Archive member included to satisfy reference by file (symbol)

c:/st/stm32cubeide_1.7.0/stm32cubeide/plugins/com.st.stm32cube.ide.mcu.externaltools.gnu-tools-for-stm32.10.3-2021.10.win32_1.0.0.202111181127/tools/bin/../lib/gcc/arm-none-eabi/10.3.1/../../../../arm-none-eabi/lib/thumb/v7e-m+fp/hard\libc_nano.a(lib_a-errno.o)
                              ./Core/Src/retarget.o (__errno)
c:/st/stm32cubeide_1.7.0/stm32cubeide/plugins/com.st.stm32cube.ide.mcu.externaltools.gnu-tools-for-stm32.10.3-2021.10.win32_1.0.0.202111181127/tools/bin/../lib/gcc/arm-none-eabi/10.3.1/../../../../arm-none-eabi/lib/thumb/v7e-m+fp/hard\libc_nano.a(lib_a-exit.o)
                              c:/st/stm32cubeide_1.7.0/stm32cubeide/plugins/com.st.stm32cube.ide.mcu.externaltools.gnu-tools-for-stm32.10.3-2021.10.win32_1.0.0.202111181127/tools/bin/../lib/gcc/arm-none-eabi/10.3.1/../../../../arm-none-eabi/lib/thumb/v7e-m+fp/hard/crt0.o (exit)
c:/st/stm32cubeide_1.7.0/stm32cubeide/plugins/com.st.stm32cube.ide.mcu.externaltools.gnu-tools-for-stm32.10.3-2021.10.win32_1.0.0.202111181127/tools/bin/../lib/gcc/arm-none-eabi/10.3.1/../../../../arm-none-eabi/lib/thumb/v7e-m+fp/hard\libc_nano.a(lib_a-impure.o)
                              c:/st/stm32cubeide_1.7.0/stm32cubeide/plugins/com.st.stm32cube.ide.mcu.externaltools.gnu-tools-for-stm32.10.3-2021.10.win32_1.0.0.202111181127/tools/bin/../lib/gcc/arm-none-eabi/10.3.1/../../../../arm-none-eabi/lib/thumb/v7e-m+fp/hard\libc_nano.a(lib_a-exit.o) (_global_impure_ptr)
c:/st/stm32cubeide_1.7.0/stm32cubeide/plugins/com.st.stm32cube.ide.mcu.externaltools.gnu-tools-for-stm32.10.3-2021.10.win32_1.0.0.202111181127/tools/bin/../lib/gcc/arm-none-eabi/10.3.1/../../../../arm-none-eabi/lib/thumb/v7e-m+fp/hard\libc_nano.a(lib_a-init.o)
                              c:/st/stm32cubeide_1.7.0/stm32cubeide/plugins/com.st.stm32cube.ide.mcu.externaltools.gnu-tools-for-stm32.10.3-2021.10.win32_1.0.0.202111181127/tools/bin/../lib/gcc/arm-none-eabi/10.3.1/../../../../arm-none-eabi/lib/thumb/v7e-m+fp/hard/crt0.o (__libc_init_array)
c:/st/stm32cubeide_1.7.0/stm32cubeide/plugins/com.st.stm32cube.ide.mcu.externaltools.gnu-tools-for-stm32.10.3-2021.10.win32_1.0.0.202111181127/tools/bin/../lib/gcc/arm-none-eabi/10.3.1/../../../../arm-none-eabi/lib/thumb/v7e-m+fp/hard\libc_nano.a(lib_a-memset.o)
                              c:/st/stm32cubeide_1.7.0/stm32cubeide/plugins/com.st.stm32cube.ide.mcu.externaltools.gnu-tools-for-stm32.10.3-2021.10.win32_1.0.0.202111181127/tools/bin/../lib/gcc/arm-none-eabi/10.3.1/../../../../arm-none-eabi/lib/thumb/v7e-m+fp/hard/crt0.o (memset)
c:/st/stm32cubeide_1.7.0/stm32cubeide/plugins/com.st.stm32cube.ide.mcu.externaltools.gnu-tools-for-stm32.10.3-2021.10.win32_1.0.0.202111181127/tools/bin/../lib/gcc/arm-none-eabi/10.3.1/../../../../arm-none-eabi/lib/thumb/v7e-m+fp/hard\libc_nano.a(lib_a-setvbuf.o)
                              ./Core/Src/retarget.o (setvbuf)
c:/st/stm32cubeide_1.7.0/stm32cubeide/plugins/com.st.stm32cube.ide.mcu.externaltools.gnu-tools-for-stm32.10.3-2021.10.win32_1.0.0.202111181127/tools/bin/../lib/gcc/arm-none-eabi/10.3.1/../../../../arm-none-eabi/lib/thumb/v7e-m+fp/hard\libc_nano.a(lib_a-fflush.o)
                              c:/st/stm32cubeide_1.7.0/stm32cubeide/plugins/com.st.stm32cube.ide.mcu.externaltools.gnu-tools-for-stm32.10.3-2021.10.win32_1.0.0.202111181127/tools/bin/../lib/gcc/arm-none-eabi/10.3.1/../../../../arm-none-eabi/lib/thumb/v7e-m+fp/hard\libc_nano.a(lib_a-setvbuf.o) (_fflush_r)
c:/st/stm32cubeide_1.7.0/stm32cubeide/plugins/com.st.stm32cube.ide.mcu.externaltools.gnu-tools-for-stm32.10.3-2021.10.win32_1.0.0.202111181127/tools/bin/../lib/gcc/arm-none-eabi/10.3.1/../../../../arm-none-eabi/lib/thumb/v7e-m+fp/hard\libc_nano.a(lib_a-findfp.o)
                              c:/st/stm32cubeide_1.7.0/stm32cubeide/plugins/com.st.stm32cube.ide.mcu.externaltools.gnu-tools-for-stm32.10.3-2021.10.win32_1.0.0.202111181127/tools/bin/../lib/gcc/arm-none-eabi/10.3.1/../../../../arm-none-eabi/lib/thumb/v7e-m+fp/hard\libc_nano.a(lib_a-setvbuf.o) (__sinit)
c:/st/stm32cubeide_1.7.0/stm32cubeide/plugins/com.st.stm32cube.ide.mcu.externaltools.gnu-tools-for-stm32.10.3-2021.10.win32_1.0.0.202111181127/tools/bin/../lib/gcc/arm-none-eabi/10.3.1/../../../../arm-none-eabi/lib/thumb/v7e-m+fp/hard\libc_nano.a(lib_a-fwalk.o)
                              c:/st/stm32cubeide_1.7.0/stm32cubeide/plugins/com.st.stm32cube.ide.mcu.externaltools.gnu-tools-for-stm32.10.3-2021.10.win32_1.0.0.202111181127/tools/bin/../lib/gcc/arm-none-eabi/10.3.1/../../../../arm-none-eabi/lib/thumb/v7e-m+fp/hard\libc_nano.a(lib_a-findfp.o) (_fwalk)
c:/st/stm32cubeide_1.7.0/stm32cubeide/plugins/com.st.stm32cube.ide.mcu.externaltools.gnu-tools-for-stm32.10.3-2021.10.win32_1.0.0.202111181127/tools/bin/../lib/gcc/arm-none-eabi/10.3.1/../../../../arm-none-eabi/lib/thumb/v7e-m+fp/hard\libc_nano.a(lib_a-lock.o)
[...]
Memory Configuration

Name             Origin             Length             Attributes
RAM              0x0000000020000000 0x0000000000050000 xrw
FLASH            0x0000000008000000 0x0000000000100000 xr
*default*        0x0000000000000000 0xffffffffffffffff

Linker script and memory map

LOAD c:/st/stm32cubeide_1.7.0/stm32cubeide/plugins/com.st.stm32cube.ide.mcu.externaltools.gnu-tools-for-stm32.10.3-2021.10.win32_1.0.0.202111181127/tools/bin/../lib/gcc/arm-none-eabi/10.3.1/thumb/v7e-m+fp/hard/crti.o
LOAD c:/st/stm32cubeide_1.7.0/stm32cubeide/plugins/com.st.stm32cube.ide.mcu.externaltools.gnu-tools-for-stm32.10.3-2021.10.win32_1.0.0.202111181127/tools/bin/../lib/gcc/arm-none-eabi/10.3.1/thumb/v7e-m+fp/hard/crtbegin.o
LOAD c:/st/stm32cubeide_1.7.0/stm32cubeide/plugins/com.st.stm32cube.ide.mcu.externaltools.gnu-tools-for-stm32.10.3-2021.10.win32_1.0.0.202111181127/tools/bin/../lib/gcc/arm-none-eabi/10.3.1/../../../../arm-none-eabi/lib/thumb/v7e-m+fp/hard/crt0.o
LOAD ./Core/Src/main.o
LOAD ./Core/Src/retarget.o
LOAD ./Core/Src/stm32f7xx_hal_msp.o
LOAD ./Core/Src/stm32f7xx_it.o
LOAD ./Core/Src/sysmem.o
LOAD ./Core/Src/system_stm32f7xx.o
LOAD ./Core/Startup/startup_stm32f746zgtx.o
LOAD ./Drivers/STM32F7xx_HAL_Driver/Src/stm32f7xx_hal.o
LOAD ./Drivers/STM32F7xx_HAL_Driver/Src/stm32f7xx_hal_cortex.o
LOAD ./Drivers/STM32F7xx_HAL_Driver/Src/stm32f7xx_hal_dma.o
LOAD ./Drivers/STM32F7xx_HAL_Driver/Src/stm32f7xx_hal_dma_ex.o
LOAD ./Drivers/STM32F7xx_HAL_Driver/Src/stm32f7xx_hal_eth.o
LOAD ./Drivers/STM32F7xx_HAL_Driver/Src/stm32f7xx_hal_exti.o
LOAD ./Drivers/STM32F7xx_HAL_Driver/Src/stm32f7xx_hal_flash.o
LOAD ./Drivers/STM32F7xx_HAL_Driver/Src/stm32f7xx_hal_flash_ex.o
LOAD ./Drivers/STM32F7xx_HAL_Driver/Src/stm32f7xx_hal_gpio.o
LOAD ./Drivers/STM32F7xx_HAL_Driver/Src/stm32f7xx_hal_i2c.o
LOAD ./Drivers/STM32F7xx_HAL_Driver/Src/stm32f7xx_hal_i2c_ex.o
LOAD ./Drivers/STM32F7xx_HAL_Driver/Src/stm32f7xx_hal_pwr.o
LOAD ./Drivers/STM32F7xx_HAL_Driver/Src/stm32f7xx_hal_pwr_ex.o
LOAD ./Drivers/STM32F7xx_HAL_Driver/Src/stm32f7xx_hal_rcc.o
LOAD ./Drivers/STM32F7xx_HAL_Driver/Src/stm32f7xx_hal_rcc_ex.o
LOAD ./Drivers/STM32F7xx_HAL_Driver/Src/stm32f7xx_hal_tim.o
LOAD ./Drivers/STM32F7xx_HAL_Driver/Src/stm32f7xx_hal_tim_ex.o
LOAD ./Drivers/STM32F7xx_HAL_Driver/Src/stm32f7xx_hal_uart.o
LOAD ./Drivers/STM32F7xx_HAL_Driver/Src/stm32f7xx_hal_uart_ex.o
LOAD ./QPC/Src/qep_hsm.o
LOAD ./QPC/Src/qep_msm.o
LOAD ./QPC/Src/qf_act.o
LOAD ./QPC/Src/qf_actq.o
LOAD ./QPC/Src/qf_defer.o
LOAD ./QPC/Src/qf_dyn.o
LOAD ./QPC/Src/qf_mem.o
LOAD ./QPC/Src/qf_ps.o
LOAD ./QPC/Src/qf_qact.o
LOAD ./QPC/Src/qf_qeq.o
LOAD ./QPC/Src/qf_qmact.o
LOAD ./QPC/Src/qf_time.o
LOAD ./QPC/Src/qv.o
LOAD ./QPC/Src/qv_port.o
LOAD ./User/Src/Bsp.o
LOAD ./User/Src/TimeBomb.o
START GROUP
LOAD c:/st/stm32cubeide_1.7.0/stm32cubeide/plugins/com.st.stm32cube.ide.mcu.externaltools.gnu-tools-for-stm32.10.3-2021.10.win32_1.0.0.202111181127/tools/bin/../lib/gcc/arm-none-eabi/10.3.1/../../../../arm-none-eabi/lib/thumb/v7e-m+fp/hard\libc_nano.a
LOAD c:/st/stm32cubeide_1.7.0/stm32cubeide/plugins/com.st.stm32cube.ide.mcu.externaltools.gnu-tools-for-stm32.10.3-2021.10.win32_1.0.0.202111181127/tools/bin/../lib/gcc/arm-none-eabi/10.3.1/../../../../arm-none-eabi/lib/thumb/v7e-m+fp/hard\libm.a
END GROUP
START GROUP
LOAD c:/st/stm32cubeide_1.7.0/stm32cubeide/plugins/com.st.stm32cube.ide.mcu.externaltools.gnu-tools-for-stm32.10.3-2021.10.win32_1.0.0.202111181127/tools/bin/../lib/gcc/arm-none-eabi/10.3.1/thumb/v7e-m+fp/hard\libgcc.a
LOAD c:/st/stm32cubeide_1.7.0/stm32cubeide/plugins/com.st.stm32cube.ide.mcu.externaltools.gnu-tools-for-stm32.10.3-2021.10.win32_1.0.0.202111181127/tools/bin/../lib/gcc/arm-none-eabi/10.3.1/../../../../arm-none-eabi/lib/thumb/v7e-m+fp/hard\libc_nano.a
END GROUP
START GROUP
LOAD c:/st/stm32cubeide_1.7.0/stm32cubeide/plugins/com.st.stm32cube.ide.mcu.externaltools.gnu-tools-for-stm32.10.3-2021.10.win32_1.0.0.202111181127/tools/bin/../lib/gcc/arm-none-eabi/10.3.1/thumb/v7e-m+fp/hard\libgcc.a
LOAD c:/st/stm32cubeide_1.7.0/stm32cubeide/plugins/com.st.stm32cube.ide.mcu.externaltools.gnu-tools-for-stm32.10.3-2021.10.win32_1.0.0.202111181127/tools/bin/../lib/gcc/arm-none-eabi/10.3.1/../../../../arm-none-eabi/lib/thumb/v7e-m+fp/hard\libc_nano.a
LOAD c:/st/stm32cubeide_1.7.0/stm32cubeide/plugins/com.st.stm32cube.ide.mcu.externaltools.gnu-tools-for-stm32.10.3-2021.10.win32_1.0.0.202111181127/tools/bin/../lib/gcc/arm-none-eabi/10.3.1/../../../../arm-none-eabi/lib/thumb/v7e-m+fp/hard\libnosys.a
END GROUP
START GROUP
LOAD c:/st/stm32cubeide_1.7.0/stm32cubeide/plugins/com.st.stm32cube.ide.mcu.externaltools.gnu-tools-for-stm32.10.3-2021.10.win32_1.0.0.202111181127/tools/bin/../lib/gcc/arm-none-eabi/10.3.1/thumb/v7e-m+fp/hard\libgcc.a
LOAD c:/st/stm32cubeide_1.7.0/stm32cubeide/plugins/com.st.stm32cube.ide.mcu.externaltools.gnu-tools-for-stm32.10.3-2021.10.win32_1.0.0.202111181127/tools/bin/../lib/gcc/arm-none-eabi/10.3.1/../../../../arm-none-eabi/lib/thumb/v7e-m+fp/hard\libc_nano.a
LOAD c:/st/stm32cubeide_1.7.0/stm32cubeide/plugins/com.st.stm32cube.ide.mcu.externaltools.gnu-tools-for-stm32.10.3-2021.10.win32_1.0.0.202111181127/tools/bin/../lib/gcc/arm-none-eabi/10.3.1/../../../../arm-none-eabi/lib/thumb/v7e-m+fp/hard\libnosys.a
END GROUP
LOAD c:/st/stm32cubeide_1.7.0/stm32cubeide/plugins/com.st.stm32cube.ide.mcu.externaltools.gnu-tools-for-stm32.10.3-2021.10.win32_1.0.0.202111181127/tools/bin/../lib/gcc/arm-none-eabi/10.3.1/thumb/v7e-m+fp/hard/crtend.o
LOAD c:/st/stm32cubeide_1.7.0/stm32cubeide/plugins/com.st.stm32cube.ide.mcu.externaltools.gnu-tools-for-stm32.10.3-2021.10.win32_1.0.0.202111181127/tools/bin/../lib/gcc/arm-none-eabi/10.3.1/thumb/v7e-m+fp/hard/crtn.o
                0x0000000020050000                _estack = (ORIGIN (RAM) + LENGTH (RAM))
                0x0000000000000200                _Min_Heap_Size = 0x200
                0x0000000000000400                _Min_Stack_Size = 0x400

.isr_vector     0x0000000008000000      0x1c8
                0x0000000008000000                . = ALIGN (0x4)
 *(.isr_vector)
 .isr_vector    0x0000000008000000      0x1c8 ./Core/Startup/startup_stm32f746zgtx.o
                0x0000000008000000                g_pfnVectors
                0x00000000080001c8                . = ALIGN (0x4)

.text           0x00000000080001c8     0x4afc
                0x00000000080001c8                . = ALIGN (0x4)
 *(.text)
 .text          0x00000000080001c8       0x40 c:/st/stm32cubeide_1.7.0/stm32cubeide/plugins/com.st.stm32cube.ide.mcu.externaltools.gnu-tools-for-stm32.10.3-2021.10.win32_1.0.0.202111181127/tools/bin/../lib/gcc/arm-none-eabi/10.3.1/thumb/v7e-m+fp/hard/crtbegin.o
 .text          0x0000000008000208       0x30 c:/st/stm32cubeide_1.7.0/stm32cubeide/plugins/com.st.stm32cube.ide.mcu.externaltools.gnu-tools-for-stm32.10.3-2021.10.win32_1.0.0.202111181127/tools/bin/../lib/gcc/arm-none-eabi/10.3.1/thumb/v7e-m+fp/hard\libgcc.a(_aeabi_uldivmod.o)
                0x0000000008000208                __aeabi_uldivmod
 .text          0x0000000008000238      0x2d0 c:/st/stm32cubeide_1.7.0/stm32cubeide/plugins/com.st.stm32cube.ide.mcu.externaltools.gnu-tools-for-stm32.10.3-2021.10.win32_1.0.0.202111181127/tools/bin/../lib/gcc/arm-none-eabi/10.3.1/thumb/v7e-m+fp/hard\libgcc.a(_udivmoddi4.o)
                0x0000000008000238                __udivmoddi4
 .text          0x0000000008000508        0x4 c:/st/stm32cubeide_1.7.0/stm32cubeide/plugins/com.st.stm32cube.ide.mcu.externaltools.gnu-tools-for-stm32.10.3-2021.10.win32_1.0.0.202111181127/tools/bin/../lib/gcc/arm-none-eabi/10.3.1/thumb/v7e-m+fp/hard\libgcc.a(_dvmd_tls.o)
                0x0000000008000508                __aeabi_idiv0
                0x0000000008000508                __aeabi_ldiv0
 *(.text*)
 .text.__NVIC_SystemReset
                0x000000000800050c       0x2c ./Core/Src/main.o
 .text.main     0x0000000008000538       0x7c ./Core/Src/main.o
                0x0000000008000538                main
 .text.SystemClock_Config
                0x00000000080005b4       0xdc ./Core/Src/main.o
                0x00000000080005b4                SystemClock_Config
 .text.MX_USART3_UART_Init
                0x0000000008000690       0x60 ./Core/Src/main.o
 .text.MX_GPIO_Init
                0x00000000080006f0      0x16c ./Core/Src/main.o
 .text.Q_onAssert
                0x000000000800085c        0xe ./Core/Src/main.o
                0x000000000800085c                Q_onAssert
 .text.HAL_SYSTICK_Callback
                0x000000000800086a        0xe ./Core/Src/main.o
                0x000000000800086a                HAL_SYSTICK_Callback
 .text.Error_Handler
                0x0000000008000878        0xa ./Core/Src/main.o
                0x0000000008000878                Error_Handler
 *fill*         0x0000000008000882        0x2 
 .text.RetargetInit
                0x0000000008000884       0x30 ./Core/Src/retarget.o
                0x0000000008000884                RetargetInit
 .text._write   0x00000000080008b4       0x58 ./Core/Src/retarget.o
                0x00000000080008b4                _write
 .text._close   0x000000000800090c       0x2e ./Core/Src/retarget.o
                0x000000000800090c                _close
 .text._lseek   0x000000000800093a       0x22 ./Core/Src/retarget.o
                0x000000000800093a                _lseek
 .text._read    0x000000000800095c       0x50 ./Core/Src/retarget.o
                0x000000000800095c                _read
 .text._fstat   0x00000000080009ac       0x36 ./Core/Src/retarget.o
                0x00000000080009ac                _fstat
 *fill*         0x00000000080009e2        0x2 
 .text.HAL_MspInit
                0x00000000080009e4       0x48 ./Core/Src/stm32f7xx_hal_msp.o
                0x00000000080009e4                HAL_MspInit
 .text.HAL_UART_MspInit
                0x0000000008000a2c       0xc0 ./Core/Src/stm32f7xx_hal_msp.o
                0x0000000008000a2c                HAL_UART_MspInit
 .text.NMI_Handler
                0x0000000008000aec        0x6 ./Core/Src/stm32f7xx_it.o
                0x0000000008000aec                NMI_Handler
 .text.HardFault_Handler
                0x0000000008000af2        0x6 ./Core/Src/stm32f7xx_it.o
                0x0000000008000af2                HardFault_Handler
 .text.MemManage_Handler
                0x0000000008000af8        0x6 ./Core/Src/stm32f7xx_it.o
                0x0000000008000af8                MemManage_Handler
 .text.BusFault_Handler
                0x0000000008000afe        0x6 ./Core/Src/stm32f7xx_it.o
                0x0000000008000afe                BusFault_Handler
 .text.UsageFault_Handler
                0x0000000008000b04        0x6 ./Core/Src/stm32f7xx_it.o
                0x0000000008000b04                UsageFault_Handler
 .text.SVC_Handler
                0x0000000008000b0a        0xe ./Core/Src/stm32f7xx_it.o
                0x0000000008000b0a                SVC_Handler
 .text.DebugMon_Handler
                0x0000000008000b18        0xe ./Core/Src/stm32f7xx_it.o
                0x0000000008000b18                DebugMon_Handler
 .text.PendSV_Handler
                0x0000000008000b26        0xe ./Core/Src/stm32f7xx_it.o
                0x0000000008000b26                PendSV_Handler
 .text.SysTick_Handler
                0x0000000008000b34       0x10 ./Core/Src/stm32f7xx_it.o
                0x0000000008000b34                SysTick_Handler
 .text.EXTI15_10_IRQHandler
                0x0000000008000b44       0x10 ./Core/Src/stm32f7xx_it.o
                0x0000000008000b44                EXTI15_10_IRQHandler
 .text._sbrk    0x0000000008000b54       0x6c ./Core/Src/sysmem.o
                0x0000000008000b54                _sbrk
 .text.SystemInit
                0x0000000008000bc0       0x24 ./Core/Src/system_stm32f7xx.o
                0x0000000008000bc0                SystemInit
 .text.Reset_Handler
                0x0000000008000be4       0x50 ./Core/Startup/startup_stm32f746zgtx.o
                0x0000000008000be4                Reset_Handler
 .text.Default_Handler
                0x0000000008000c34        0x2 ./Core/Startup/startup_stm32f746zgtx.o
                0x0000000008000c34                RTC_Alarm_IRQHandler
                0x0000000008000c34                EXTI2_IRQHandler
                0x0000000008000c34                TIM8_CC_IRQHandler
                0x0000000008000c34                UART8_IRQHandler
                0x0000000008000c34                SPI4_IRQHandler
                0x0000000008000c34                TIM1_CC_IRQHandler
                0x0000000008000c34                DMA2_Stream5_IRQHandler
                0x0000000008000c34                DMA1_Stream5_IRQHandler
                0x0000000008000c34                PVD_IRQHandler
                0x0000000008000c34                TAMP_STAMP_IRQHandler
                0x0000000008000c34                CAN2_RX1_IRQHandler
                0x0000000008000c34                EXTI3_IRQHandler
                0x0000000008000c34                TIM8_TRG_COM_TIM14_IRQHandler
                0x0000000008000c34                TIM1_UP_TIM10_IRQHandler
                0x0000000008000c34                TIM8_UP_TIM13_IRQHandler
                0x0000000008000c34                I2C3_ER_IRQHandler
                0x0000000008000c34                EXTI0_IRQHandler
                0x0000000008000c34                I2C2_EV_IRQHandler
                0x0000000008000c34                DMA1_Stream2_IRQHandler
                0x0000000008000c34                CAN1_RX0_IRQHandler
                0x0000000008000c34                FPU_IRQHandler
                0x0000000008000c34                OTG_HS_WKUP_IRQHandler
                0x0000000008000c34                LTDC_ER_IRQHandler
                0x0000000008000c34                CAN2_SCE_IRQHandler
                0x0000000008000c34                DMA2_Stream2_IRQHandler
                0x0000000008000c34                SPI1_IRQHandler
                0x0000000008000c34                TIM6_DAC_IRQHandler
                0x0000000008000c34                TIM1_BRK_TIM9_IRQHandler
                0x0000000008000c34                DCMI_IRQHandler
                0x0000000008000c34                CAN2_RX0_IRQHandler
                0x0000000008000c34                DMA2_Stream3_IRQHandler
                0x0000000008000c34                SAI2_IRQHandler
                0x0000000008000c34                USART6_IRQHandler
                0x0000000008000c34                USART3_IRQHandler
                0x0000000008000c34                CAN1_RX1_IRQHandler
                0x0000000008000c34                UART5_IRQHandler
                0x0000000008000c34                DMA2_Stream0_IRQHandler
                0x0000000008000c34                TIM4_IRQHandler
                0x0000000008000c34                QUADSPI_IRQHandler
                0x0000000008000c34                I2C1_EV_IRQHandler
                0x0000000008000c34                DMA1_Stream6_IRQHandler
                0x0000000008000c34                DMA1_Stream1_IRQHandler
                0x0000000008000c34                UART4_IRQHandler
                0x0000000008000c34                TIM3_IRQHandler
                0x0000000008000c34                RCC_IRQHandler
                0x0000000008000c34                TIM8_BRK_TIM12_IRQHandler
                0x0000000008000c34                Default_Handler
                0x0000000008000c34                CEC_IRQHandler
                0x0000000008000c34                ADC_IRQHandler
                0x0000000008000c34                DMA1_Stream7_IRQHandler
                0x0000000008000c34                SPI5_IRQHandler
                0x0000000008000c34                TIM7_IRQHandler
                0x0000000008000c34                SDMMC1_IRQHandler
                0x0000000008000c34                CAN2_TX_IRQHandler
                0x0000000008000c34                TIM5_IRQHandler
                0x0000000008000c34                DMA2_Stream7_IRQHandler
                0x0000000008000c34                I2C3_EV_IRQHandler
                0x0000000008000c34                EXTI9_5_IRQHandler
                0x0000000008000c34                RTC_WKUP_IRQHandler
                0x0000000008000c34                LTDC_IRQHandler
                0x0000000008000c34                ETH_WKUP_IRQHandler
                0x0000000008000c34                SPDIF_RX_IRQHandler
                0x0000000008000c34                SPI2_IRQHandler
                0x0000000008000c34                OTG_HS_EP1_IN_IRQHandler
                0x0000000008000c34                DMA1_Stream0_IRQHandler
                0x0000000008000c34                CAN1_TX_IRQHandler
                0x0000000008000c34                EXTI4_IRQHandler
                0x0000000008000c34                RNG_IRQHandler
                0x0000000008000c34                ETH_IRQHandler
                0x0000000008000c34                OTG_HS_EP1_OUT_IRQHandler
                0x0000000008000c34                WWDG_IRQHandler
                0x0000000008000c34                SPI6_IRQHandler
                0x0000000008000c34                I2C4_EV_IRQHandler
                0x0000000008000c34                TIM2_IRQHandler
                0x0000000008000c34                OTG_FS_WKUP_IRQHandler
                0x0000000008000c34                TIM1_TRG_COM_TIM11_IRQHandler
                0x0000000008000c34                OTG_HS_IRQHandler
                0x0000000008000c34                DMA2D_IRQHandler
                0x0000000008000c34                EXTI1_IRQHandler
                0x0000000008000c34                UART7_IRQHandler
                0x0000000008000c34                USART2_IRQHandler
                0x0000000008000c34                I2C2_ER_IRQHandler
                0x0000000008000c34                DMA2_Stream1_IRQHandler
                0x0000000008000c34                CAN1_SCE_IRQHandler
                0x0000000008000c34                FLASH_IRQHandler
                0x0000000008000c34                DMA2_Stream4_IRQHandler
                0x0000000008000c34                USART1_IRQHandler
                0x0000000008000c34                OTG_FS_IRQHandler
                0x0000000008000c34                SPI3_IRQHandler
                0x0000000008000c34                DMA1_Stream4_IRQHandler
                0x0000000008000c34                I2C1_ER_IRQHandler
                0x0000000008000c34                FMC_IRQHandler
                0x0000000008000c34                LPTIM1_IRQHandler
                0x0000000008000c34                I2C4_ER_IRQHandler
                0x0000000008000c34                DMA2_Stream6_IRQHandler
                0x0000000008000c34                SAI1_IRQHandler
                0x0000000008000c34                DMA1_Stream3_IRQHandler
 .text.HAL_Init
                0x0000000008000c36       0x1a ./Drivers/STM32F7xx_HAL_Driver/Src/stm32f7xx_hal.o
                0x0000000008000c36                HAL_Init
 .text.HAL_InitTick
                0x0000000008000c50       0x60 ./Drivers/STM32F7xx_HAL_Driver/Src/stm32f7xx_hal.o
                0x0000000008000c50                HAL_InitTick
 .text.HAL_IncTick
                0x0000000008000cb0       0x28 ./Drivers/STM32F7xx_HAL_Driver/Src/stm32f7xx_hal.o
                0x0000000008000cb0                HAL_IncTick
 .text.HAL_GetTick
                0x0000000008000cd8       0x18 ./Drivers/STM32F7xx_HAL_Driver/Src/stm32f7xx_hal.o
                0x0000000008000cd8                HAL_GetTick
 .text.__NVIC_SetPriorityGrouping
                0x0000000008000cf0       0x48 ./Drivers/STM32F7xx_HAL_Driver/Src/stm32f7xx_hal_cortex.o
 .text.__NVIC_GetPriorityGrouping
                0x0000000008000d38       0x1c ./Drivers/STM32F7xx_HAL_Driver/Src/stm32f7xx_hal_cortex.o
 .text.__NVIC_EnableIRQ
                0x0000000008000d54       0x3c ./Drivers/STM32F7xx_HAL_Driver/Src/stm32f7xx_hal_cortex.o
 .text.__NVIC_SetPriority
                0x0000000008000d90       0x54 ./Drivers/STM32F7xx_HAL_Driver/Src/stm32f7xx_hal_cortex.o
 .text.NVIC_EncodePriority
                0x0000000008000de4       0x66 ./Drivers/STM32F7xx_HAL_Driver/Src/stm32f7xx_hal_cortex.o
 *fill*         0x0000000008000e4a        0x2 
 .text.SysTick_Config
                0x0000000008000e4c       0x44 ./Drivers/STM32F7xx_HAL_Driver/Src/stm32f7xx_hal_cortex.o
 .text.HAL_NVIC_SetPriorityGrouping
                0x0000000008000e90       0x16 ./Drivers/STM32F7xx_HAL_Driver/Src/stm32f7xx_hal_cortex.o
                0x0000000008000e90                HAL_NVIC_SetPriorityGrouping
 .text.HAL_NVIC_SetPriority
                0x0000000008000ea6       0x38 ./Drivers/STM32F7xx_HAL_Driver/Src/stm32f7xx_hal_cortex.o
                0x0000000008000ea6                HAL_NVIC_SetPriority
 .text.HAL_NVIC_EnableIRQ
                0x0000000008000ede       0x1c ./Drivers/STM32F7xx_HAL_Driver/Src/stm32f7xx_hal_cortex.o
                0x0000000008000ede                HAL_NVIC_EnableIRQ
 .text.HAL_SYSTICK_Config
                0x0000000008000efa       0x18 ./Drivers/STM32F7xx_HAL_Driver/Src/stm32f7xx_hal_cortex.o
                0x0000000008000efa                HAL_SYSTICK_Config
 .text.HAL_SYSTICK_IRQHandler
                0x0000000008000f12        0xc ./Drivers/STM32F7xx_HAL_Driver/Src/stm32f7xx_hal_cortex.o
                0x0000000008000f12                HAL_SYSTICK_IRQHandler
 *fill*         0x0000000008000f1e        0x2 
 .text.HAL_GPIO_Init
                0x0000000008000f20      0x358 ./Drivers/STM32F7xx_HAL_Driver/Src/stm32f7xx_hal_gpio.o
                0x0000000008000f20                HAL_GPIO_Init
 .text.HAL_GPIO_ReadPin
                0x0000000008001278       0x30 ./Drivers/STM32F7xx_HAL_Driver/Src/stm32f7xx_hal_gpio.o
                0x0000000008001278                HAL_GPIO_ReadPin
 .text.HAL_GPIO_WritePin
                0x00000000080012a8       0x32 ./Drivers/STM32F7xx_HAL_Driver/Src/stm32f7xx_hal_gpio.o
                0x00000000080012a8                HAL_GPIO_WritePin
 *fill*         0x00000000080012da        0x2 
 .text.HAL_GPIO_EXTI_IRQHandler
                0x00000000080012dc       0x30 ./Drivers/STM32F7xx_HAL_Driver/Src/stm32f7xx_hal_gpio.o
                0x00000000080012dc                HAL_GPIO_EXTI_IRQHandler
 .text.HAL_GPIO_EXTI_Callback
                0x000000000800130c       0x16 ./Drivers/STM32F7xx_HAL_Driver/Src/stm32f7xx_hal_gpio.o
                0x000000000800130c                HAL_GPIO_EXTI_Callback
 *fill*         0x0000000008001322        0x2 
 .text.HAL_PWR_EnableBkUpAccess
                0x0000000008001324       0x20 ./Drivers/STM32F7xx_HAL_Driver/Src/stm32f7xx_hal_pwr.o
                0x0000000008001324                HAL_PWR_EnableBkUpAccess
 .text.HAL_PWREx_EnableOverDrive
                0x0000000008001344       0xa0 ./Drivers/STM32F7xx_HAL_Driver/Src/stm32f7xx_hal_pwr_ex.o
                0x0000000008001344                HAL_PWREx_EnableOverDrive
 .text.HAL_RCC_OscConfig
                0x00000000080013e4      0x548 ./Drivers/STM32F7xx_HAL_Driver/Src/stm32f7xx_hal_rcc.o
                0x00000000080013e4                HAL_RCC_OscConfig
 .text.HAL_RCC_ClockConfig
                0x000000000800192c      0x1d8 ./Drivers/STM32F7xx_HAL_Driver/Src/stm32f7xx_hal_rcc.o
                0x000000000800192c                HAL_RCC_ClockConfig
 .text.HAL_RCC_GetSysClockFreq
                0x0000000008001b04      0x20c ./Drivers/STM32F7xx_HAL_Driver/Src/stm32f7xx_hal_rcc.o
                0x0000000008001b04                HAL_RCC_GetSysClockFreq
 .text.HAL_RCC_GetHCLKFreq
                0x0000000008001d10       0x18 ./Drivers/STM32F7xx_HAL_Driver/Src/stm32f7xx_hal_rcc.o
                0x0000000008001d10                HAL_RCC_GetHCLKFreq
 .text.HAL_RCC_GetPCLK1Freq
                0x0000000008001d28       0x28 ./Drivers/STM32F7xx_HAL_Driver/Src/stm32f7xx_hal_rcc.o
                0x0000000008001d28                HAL_RCC_GetPCLK1Freq
 .text.HAL_RCC_GetPCLK2Freq
                0x0000000008001d50       0x28 ./Drivers/STM32F7xx_HAL_Driver/Src/stm32f7xx_hal_rcc.o
                0x0000000008001d50                HAL_RCC_GetPCLK2Freq
 .text.HAL_RCCEx_PeriphCLKConfig
                0x0000000008001d78      0x7e0 ./Drivers/STM32F7xx_HAL_Driver/Src/stm32f7xx_hal_rcc_ex.o
                0x0000000008001d78                HAL_RCCEx_PeriphCLKConfig
 .text.HAL_UART_Init
                0x0000000008002558       0x9c ./Drivers/STM32F7xx_HAL_Driver/Src/stm32f7xx_hal_uart.o
                0x0000000008002558                HAL_UART_Init
 .text.HAL_UART_Transmit
                0x00000000080025f4      0x126 ./Drivers/STM32F7xx_HAL_Driver/Src/stm32f7xx_hal_uart.o
                0x00000000080025f4                HAL_UART_Transmit
 .text.HAL_UART_Receive
                0x000000000800271a      0x1a0 ./Drivers/STM32F7xx_HAL_Driver/Src/stm32f7xx_hal_uart.o
                0x000000000800271a                HAL_UART_Receive
 *fill*         0x00000000080028ba        0x2 
 .text.UART_SetConfig
                0x00000000080028bc      0x4c8 ./Drivers/STM32F7xx_HAL_Driver/Src/stm32f7xx_hal_uart.o
                0x00000000080028bc                UART_SetConfig
 .text.UART_AdvFeatureConfig
                0x0000000008002d84      0x144 ./Drivers/STM32F7xx_HAL_Driver/Src/stm32f7xx_hal_uart.o
                0x0000000008002d84                UART_AdvFeatureConfig
 .text.UART_CheckIdleState
                0x0000000008002ec8       0x66 ./Drivers/STM32F7xx_HAL_Driver/Src/stm32f7xx_hal_uart.o
                0x0000000008002ec8                UART_CheckIdleState
 .text.UART_WaitOnFlagUntilTimeout
                0x0000000008002f2e      0x188 ./Drivers/STM32F7xx_HAL_Driver/Src/stm32f7xx_hal_uart.o
                0x0000000008002f2e                UART_WaitOnFlagUntilTimeout
 *fill*         0x00000000080030b6        0x2 
 .text.QHsm_trig_
                0x00000000080030b8       0x2c ./QPC/Src/qep_hsm.o
 .text.QHsm_ctor
                0x00000000080030e4       0x30 ./QPC/Src/qep_hsm.o
                0x00000000080030e4                QHsm_ctor
 .text.QHsm_init_
                0x0000000008003114       0xfc ./QPC/Src/qep_hsm.o
                0x0000000008003114                QHsm_init_
 .text.QHsm_top
                0x0000000008003210       0x18 ./QPC/Src/qep_hsm.o
                0x0000000008003210                QHsm_top
 .text.QHsm_dispatch_
                0x0000000008003228      0x178 ./QPC/Src/qep_hsm.o
                0x0000000008003228                QHsm_dispatch_
 .text.QHsm_tran_
                0x00000000080033a0      0x1d0 ./QPC/Src/qep_hsm.o
 .text.QF_add_  0x0000000008003570       0x58 ./QPC/Src/qf_act.o
                0x0000000008003570                QF_add_
 .text.QF_bzero
                0x00000000080035c8       0x3a ./QPC/Src/qf_act.o
                0x00000000080035c8                QF_bzero
 .text.QPSet_insert
                0x0000000008003602       0x2a ./QPC/Src/qf_actq.o
 .text.QActive_post_
                0x000000000800362c      0x114 ./QPC/Src/qf_actq.o
                0x000000000800362c                QActive_post_
 .text.QActive_postLIFO_
                0x0000000008003740       0xcc ./QPC/Src/qf_actq.o
                0x0000000008003740                QActive_postLIFO_
 .text.QActive_get_
                0x000000000800380c       0xb0 ./QPC/Src/qf_actq.o
                0x000000000800380c                QActive_get_
 .text.QF_gc    0x00000000080038bc       0x88 ./QPC/Src/qf_dyn.o
                0x00000000080038bc                QF_gc
 .text.QMPool_put
                0x0000000008003944       0x70 ./QPC/Src/qf_mem.o
                0x0000000008003944                QMPool_put
 .text.QActive_ctor
                0x00000000080039b4       0x30 ./QPC/Src/qf_qact.o
                0x00000000080039b4                QActive_ctor
 .text.QEQueue_init
                0x00000000080039e4       0x54 ./QPC/Src/qf_qeq.o
                0x00000000080039e4                QEQueue_init
 .text.QF_tickX_
                0x0000000008003a38      0x134 ./QPC/Src/qf_time.o
                0x0000000008003a38                QF_tickX_
 .text.QTimeEvt_ctorX
                0x0000000008003b6c       0x60 ./QPC/Src/qf_time.o
                0x0000000008003b6c                QTimeEvt_ctorX
 .text.QTimeEvt_armX
                0x0000000008003bcc       0xb4 ./QPC/Src/qf_time.o
                0x0000000008003bcc                QTimeEvt_armX
 .text.QPSet_notEmpty
                0x0000000008003c80       0x22 ./QPC/Src/qv.o
 .text.QPSet_remove
                0x0000000008003ca2       0x2c ./QPC/Src/qv.o
 .text.QPSet_findMax
                0x0000000008003cce       0x20 ./QPC/Src/qv.o
 *fill*         0x0000000008003cee        0x2 
 .text.QF_init  0x0000000008003cf0       0x50 ./QPC/Src/qv.o
                0x0000000008003cf0                QF_init
 .text.QF_run   0x0000000008003d40       0x88 ./QPC/Src/qv.o
                0x0000000008003d40                QF_run
 .text.QActive_start_
                0x0000000008003dc8       0x70 ./QPC/Src/qv.o
                0x0000000008003dc8                QActive_start_
 .text.QV_init  0x0000000008003e38       0x7c ./QPC/Src/qv_port.o
                0x0000000008003e38                QV_init
 .text.App_TimeTickHook
                0x0000000008003eb4      0x11c ./User/Src/Bsp.o
                0x0000000008003eb4                App_TimeTickHook
 .text.QV_onIdle
                0x0000000008003fd0       0x1a ./User/Src/Bsp.o
                0x0000000008003fd0                QV_onIdle
 *fill*         0x0000000008003fea        0x2 
 .text.QF_onStartup
                0x0000000008003fec       0x30 ./User/Src/Bsp.o
                0x0000000008003fec                QF_onStartup
 .text.BspGetButtonState
                0x000000000800401c       0x74 ./User/Src/Bsp.o
                0x000000000800401c                BspGetButtonState
 .text.BspLed1On
                0x0000000008004090       0x18 ./User/Src/Bsp.o
                0x0000000008004090                BspLed1On
 .text.BspLed1Off
                0x00000000080040a8       0x18 ./User/Src/Bsp.o
                0x00000000080040a8                BspLed1Off
 .text.BspLed2On
                0x00000000080040c0       0x18 ./User/Src/Bsp.o
                0x00000000080040c0                BspLed2On
 .text.BspLed2Off
                0x00000000080040d8       0x18 ./User/Src/Bsp.o
                0x00000000080040d8                BspLed2Off
 .text.BspLed3On
                0x00000000080040f0       0x18 ./User/Src/Bsp.o
                0x00000000080040f0                BspLed3On
 .text.BspLed3Off
                0x0000000008004108       0x18 ./User/Src/Bsp.o
                0x0000000008004108                BspLed3Off
 .text.TimeBomb_ctor
                0x0000000008004120       0x30 ./User/Src/TimeBomb.o
                0x0000000008004120                TimeBomb_ctor
 .text.TimeBomb_initial
                0x0000000008004150       0x24 ./User/Src/TimeBomb.o
                0x0000000008004150                TimeBomb_initial
 .text.TimeBomb_armed
                0x0000000008004174       0x6c ./User/Src/TimeBomb.o
                0x0000000008004174                TimeBomb_armed
 .text.TimeBomb_wait4button
                0x00000000080041e0       0x64 ./User/Src/TimeBomb.o
                0x00000000080041e0                TimeBomb_wait4button
 .text.TimeBomb_blink
                0x0000000008004244       0x6c ./User/Src/TimeBomb.o
                0x0000000008004244                TimeBomb_blink
 .text.TimeBomb_pause
                0x00000000080042b0       0x78 ./User/Src/TimeBomb.o
                0x00000000080042b0                TimeBomb_pause
 .text.TimeBomb_boom
                0x0000000008004328       0x40 ./User/Src/TimeBomb.o
                0x0000000008004328                TimeBomb_boom
 .text.TimeBomb_defused
                0x0000000008004368       0x54 ./User/Src/TimeBomb.o
                0x0000000008004368                TimeBomb_defused
 .text.__errno  0x00000000080043bc        0xc c:/st/stm32cubeide_1.7.0/stm32cubeide/plugins/com.st.stm32cube.ide.mcu.externaltools.gnu-tools-for-stm32.10.3-2021.10.win32_1.0.0.202111181127/tools/bin/../lib/gcc/arm-none-eabi/10.3.1/../../../../arm-none-eabi/lib/thumb/v7e-m+fp/hard\libc_nano.a(lib_a-errno.o)
                0x00000000080043bc                __errno
 .text.__libc_init_array
                0x00000000080043c8       0x48 c:/st/stm32cubeide_1.7.0/stm32cubeide/plugins/com.st.stm32cube.ide.mcu.externaltools.gnu-tools-for-stm32.10.3-2021.10.win32_1.0.0.202111181127/tools/bin/../lib/gcc/arm-none-eabi/10.3.1/../../../../arm-none-eabi/lib/thumb/v7e-m+fp/hard\libc_nano.a(lib_a-init.o)
                0x00000000080043c8                __libc_init_array
 .text.memset   0x0000000008004410       0x10 c:/st/stm32cubeide_1.7.0/stm32cubeide/plugins/com.st.stm32cube.ide.mcu.externaltools.gnu-tools-for-stm32.10.3-2021.10.win32_1.0.0.202111181127/tools/bin/../lib/gcc/arm-none-eabi/10.3.1/../../../../arm-none-eabi/lib/thumb/v7e-m+fp/hard\libc_nano.a(lib_a-memset.o)
                0x0000000008004410                memset
 .text.setvbuf  0x0000000008004420      0x18c c:/st/stm32cubeide_1.7.0/stm32cubeide/plugins/com.st.stm32cube.ide.mcu.externaltools.gnu-tools-for-stm32.10.3-2021.10.win32_1.0.0.202111181127/tools/bin/../lib/gcc/arm-none-eabi/10.3.1/../../../../arm-none-eabi/lib/thumb/v7e-m+fp/hard\libc_nano.a(lib_a-setvbuf.o)
                0x0000000008004420                setvbuf
 .text.__sflush_r
                0x00000000080045ac      0x10c c:/st/stm32cubeide_1.7.0/stm32cubeide/plugins/com.st.stm32cube.ide.mcu.externaltools.gnu-tools-for-stm32.10.3-2021.10.win32_1.0.0.202111181127/tools/bin/../lib/gcc/arm-none-eabi/10.3.1/../../../../arm-none-eabi/lib/thumb/v7e-m+fp/hard\libc_nano.a(lib_a-fflush.o)
                0x00000000080045ac                __sflush_r
 .text._fflush_r
                0x00000000080046b8       0x78 c:/st/stm32cubeide_1.7.0/stm32cubeide/plugins/com.st.stm32cube.ide.mcu.externaltools.gnu-tools-for-stm32.10.3-2021.10.win32_1.0.0.202111181127/tools/bin/../lib/gcc/arm-none-eabi/10.3.1/../../../../arm-none-eabi/lib/thumb/v7e-m+fp/hard\libc_nano.a(lib_a-fflush.o)
                0x00000000080046b8                _fflush_r
 .text.std      0x0000000008004730       0x48 c:/st/stm32cubeide_1.7.0/stm32cubeide/plugins/com.st.stm32cube.ide.mcu.externaltools.gnu-tools-for-stm32.10.3-2021.10.win32_1.0.0.202111181127/tools/bin/../lib/gcc/arm-none-eabi/10.3.1/../../../../arm-none-eabi/lib/thumb/v7e-m+fp/hard\libc_nano.a(lib_a-findfp.o)
 .text._cleanup_r
                0x0000000008004778        0xc c:/st/stm32cubeide_1.7.0/stm32cubeide/plugins/com.st.stm32cube.ide.mcu.externaltools.gnu-tools-for-stm32.10.3-2021.10.win32_1.0.0.202111181127/tools/bin/../lib/gcc/arm-none-eabi/10.3.1/../../../../arm-none-eabi/lib/thumb/v7e-m+fp/hard\libc_nano.a(lib_a-findfp.o)
                0x0000000008004778                _cleanup_r
 .text.__sfmoreglue
                0x0000000008004784       0x2c c:/st/stm32cubeide_1.7.0/stm32cubeide/plugins/com.st.stm32cube.ide.mcu.externaltools.gnu-tools-for-stm32.10.3-2021.10.win32_1.0.0.202111181127/tools/bin/../lib/gcc/arm-none-eabi/10.3.1/../../../../arm-none-eabi/lib/thumb/v7e-m+fp/hard\libc_nano.a(lib_a-findfp.o)
                0x0000000008004784                __sfmoreglue
 .text.__sfp_lock_acquire
                0x00000000080047b0        0xc c:/st/stm32cubeide_1.7.0/stm32cubeide/plugins/com.st.stm32cube.ide.mcu.externaltools.gnu-tools-for-stm32.10.3-2021.10.win32_1.0.0.202111181127/tools/bin/../lib/gcc/arm-none-eabi/10.3.1/../../../../arm-none-eabi/lib/thumb/v7e-m+fp/hard\libc_nano.a(lib_a-findfp.o)
                0x00000000080047b0                __sfp_lock_acquire
 .text.__sfp_lock_release
                0x00000000080047bc        0xc c:/st/stm32cubeide_1.7.0/stm32cubeide/plugins/com.st.stm32cube.ide.mcu.externaltools.gnu-tools-for-stm32.10.3-2021.10.win32_1.0.0.202111181127/tools/bin/../lib/gcc/arm-none-eabi/10.3.1/../../../../arm-none-eabi/lib/thumb/v7e-m+fp/hard\libc_nano.a(lib_a-findfp.o)
                0x00000000080047bc                __sfp_lock_release
 .text.__sinit_lock_acquire
                0x00000000080047c8        0xc c:/st/stm32cubeide_1.7.0/stm32cubeide/plugins/com.st.stm32cube.ide.mcu.externaltools.gnu-tools-for-stm32.10.3-2021.10.win32_1.0.0.202111181127/tools/bin/../lib/gcc/arm-none-eabi/10.3.1/../../../../arm-none-eabi/lib/thumb/v7e-m+fp/hard\libc_nano.a(lib_a-findfp.o)
                0x00000000080047c8                __sinit_lock_acquire
 .text.__sinit_lock_release
                0x00000000080047d4        0xc c:/st/stm32cubeide_1.7.0/stm32cubeide/plugins/com.st.stm32cube.ide.mcu.externaltools.gnu-tools-for-stm32.10.3-2021.10.win32_1.0.0.202111181127/tools/bin/../lib/gcc/arm-none-eabi/10.3.1/../../../../arm-none-eabi/lib/thumb/v7e-m+fp/hard\libc_nano.a(lib_a-findfp.o)
                0x00000000080047d4                __sinit_lock_release
 .text.__sinit  0x00000000080047e0       0x70 c:/st/stm32cubeide_1.7.0/stm32cubeide/plugins/com.st.stm32cube.ide.mcu.externaltools.gnu-tools-for-stm32.10.3-2021.10.win32_1.0.0.202111181127/tools/bin/../lib/gcc/arm-none-eabi/10.3.1/../../../../arm-none-eabi/lib/thumb/v7e-m+fp/hard\libc_nano.a(lib_a-findfp.o)
                0x00000000080047e0                __sinit
 .text.__sfp    0x0000000008004850       0x8c c:/st/stm32cubeide_1.7.0/stm32cubeide/plugins/com.st.stm32cube.ide.mcu.externaltools.gnu-tools-for-stm32.10.3-2021.10.win32_1.0.0.202111181127/tools/bin/../lib/gcc/arm-none-eabi/10.3.1/../../../../arm-none-eabi/lib/thumb/v7e-m+fp/hard\libc_nano.a(lib_a-findfp.o)
                0x0000000008004850                __sfp
 .text._fwalk_reent
                0x00000000080048dc       0x3e c:/st/stm32cubeide_1.7.0/stm32cubeide/plugins/com.st.stm32cube.ide.mcu.externaltools.gnu-tools-for-stm32.10.3-2021.10.win32_1.0.0.202111181127/tools/bin/../lib/gcc/arm-none-eabi/10.3.1/../../../../arm-none-eabi/lib/thumb/v7e-m+fp/hard\libc_nano.a(lib_a-fwalk.o)
                0x00000000080048dc                _fwalk_reent
 .text.__retarget_lock_init_recursive
                0x000000000800491a        0x2 c:/st/stm32cubeide_1.7.0/stm32cubeide/plugins/com.st.stm32cube.ide.mcu.externaltools.gnu-tools-for-stm32.10.3-2021.10.win32_1.0.0.202111181127/tools/bin/../lib/gcc/arm-none-eabi/10.3.1/../../../../arm-none-eabi/lib/thumb/v7e-m+fp/hard\libc_nano.a(lib_a-lock.o)
                0x000000000800491a                __retarget_lock_init_recursive
 .text.__retarget_lock_acquire_recursive
                0x000000000800491c        0x2 c:/st/stm32cubeide_1.7.0/stm32cubeide/plugins/com.st.stm32cube.ide.mcu.externaltools.gnu-tools-for-stm32.10.3-2021.10.win32_1.0.0.202111181127/tools/bin/../lib/gcc/arm-none-eabi/10.3.1/../../../../arm-none-eabi/lib/thumb/v7e-m+fp/hard\libc_nano.a(lib_a-lock.o)
                0x000000000800491c                __retarget_lock_acquire_recursive
 .text.__retarget_lock_release_recursive
                0x000000000800491e        0x2 c:/st/stm32cubeide_1.7.0/stm32cubeide/plugins/com.st.stm32cube.ide.mcu.externaltools.gnu-tools-for-stm32.10.3-2021.10.win32_1.0.0.202111181127/tools/bin/../lib/gcc/arm-none-eabi/10.3.1/../../../../arm-none-eabi/lib/thumb/v7e-m+fp/hard\libc_nano.a(lib_a-lock.o)
                0x000000000800491e                __retarget_lock_release_recursive
 .text.__swhatbuf_r
                0x0000000008004920       0x4a c:/st/stm32cubeide_1.7.0/stm32cubeide/plugins/com.st.stm32cube.ide.mcu.externaltools.gnu-tools-for-stm32.10.3-2021.10.win32_1.0.0.202111181127/tools/bin/../lib/gcc/arm-none-eabi/10.3.1/../../../../arm-none-eabi/lib/thumb/v7e-m+fp/hard\libc_nano.a(lib_a-makebuf.o)
                0x0000000008004920                __swhatbuf_r
 *fill*         0x000000000800496a        0x2 
 .text.malloc   0x000000000800496c       0x10 c:/st/stm32cubeide_1.7.0/stm32cubeide/plugins/com.st.stm32cube.ide.mcu.externaltools.gnu-tools-for-stm32.10.3-2021.10.win32_1.0.0.202111181127/tools/bin/../lib/gcc/arm-none-eabi/10.3.1/../../../../arm-none-eabi/lib/thumb/v7e-m+fp/hard\libc_nano.a(lib_a-malloc.o)
                0x000000000800496c                malloc
 .text._free_r  0x000000000800497c       0x98 c:/st/stm32cubeide_1.7.0/stm32cubeide/plugins/com.st.stm32cube.ide.mcu.externaltools.gnu-tools-for-stm32.10.3-2021.10.win32_1.0.0.202111181127/tools/bin/../lib/gcc/arm-none-eabi/10.3.1/../../../../arm-none-eabi/lib/thumb/v7e-m+fp/hard\libc_nano.a(lib_a-nano-freer.o)
                0x000000000800497c                _free_r
 .text.sbrk_aligned
                0x0000000008004a14       0x40 c:/st/stm32cubeide_1.7.0/stm32cubeide/plugins/com.st.stm32cube.ide.mcu.externaltools.gnu-tools-for-stm32.10.3-2021.10.win32_1.0.0.202111181127/tools/bin/../lib/gcc/arm-none-eabi/10.3.1/../../../../arm-none-eabi/lib/thumb/v7e-m+fp/hard\libc_nano.a(lib_a-nano-mallocr.o)
 .text._malloc_r
                0x0000000008004a54       0xe8 c:/st/stm32cubeide_1.7.0/stm32cubeide/plugins/com.st.stm32cube.ide.mcu.externaltools.gnu-tools-for-stm32.10.3-2021.10.win32_1.0.0.202111181127/tools/bin/../lib/gcc/arm-none-eabi/10.3.1/../../../../arm-none-eabi/lib/thumb/v7e-m+fp/hard\libc_nano.a(lib_a-nano-mallocr.o)
                0x0000000008004a54                _malloc_r
 .text._sbrk_r  0x0000000008004b3c       0x20 c:/st/stm32cubeide_1.7.0/stm32cubeide/plugins/com.st.stm32cube.ide.mcu.externaltools.gnu-tools-for-stm32.10.3-2021.10.win32_1.0.0.202111181127/tools/bin/../lib/gcc/arm-none-eabi/10.3.1/../../../../arm-none-eabi/lib/thumb/v7e-m+fp/hard\libc_nano.a(lib_a-sbrkr.o)
                0x0000000008004b3c                _sbrk_r
 .text.__sread  0x0000000008004b5c       0x22 c:/st/stm32cubeide_1.7.0/stm32cubeide/plugins/com.st.stm32cube.ide.mcu.externaltools.gnu-tools-for-stm32.10.3-2021.10.win32_1.0.0.202111181127/tools/bin/../lib/gcc/arm-none-eabi/10.3.1/../../../../arm-none-eabi/lib/thumb/v7e-m+fp/hard\libc_nano.a(lib_a-stdio.o)
                0x0000000008004b5c                __sread
 .text.__swrite
                0x0000000008004b7e       0x38 c:/st/stm32cubeide_1.7.0/stm32cubeide/plugins/com.st.stm32cube.ide.mcu.externaltools.gnu-tools-for-stm32.10.3-2021.10.win32_1.0.0.202111181127/tools/bin/../lib/gcc/arm-none-eabi/10.3.1/../../../../arm-none-eabi/lib/thumb/v7e-m+fp/hard\libc_nano.a(lib_a-stdio.o)
                0x0000000008004b7e                __swrite
 .text.__sseek  0x0000000008004bb6       0x24 c:/st/stm32cubeide_1.7.0/stm32cubeide/plugins/com.st.stm32cube.ide.mcu.externaltools.gnu-tools-for-stm32.10.3-2021.10.win32_1.0.0.202111181127/tools/bin/../lib/gcc/arm-none-eabi/10.3.1/../../../../arm-none-eabi/lib/thumb/v7e-m+fp/hard\libc_nano.a(lib_a-stdio.o)
                0x0000000008004bb6                __sseek
 .text.__sclose
                0x0000000008004bda        0x8 c:/st/stm32cubeide_1.7.0/stm32cubeide/plugins/com.st.stm32cube.ide.mcu.externaltools.gnu-tools-for-stm32.10.3-2021.10.win32_1.0.0.202111181127/tools/bin/../lib/gcc/arm-none-eabi/10.3.1/../../../../arm-none-eabi/lib/thumb/v7e-m+fp/hard\libc_nano.a(lib_a-stdio.o)
                0x0000000008004bda                __sclose
 *fill*         0x0000000008004be2        0x2 
 .text._write_r
                0x0000000008004be4       0x24 c:/st/stm32cubeide_1.7.0/stm32cubeide/plugins/com.st.stm32cube.ide.mcu.externaltools.gnu-tools-for-stm32.10.3-2021.10.win32_1.0.0.202111181127/tools/bin/../lib/gcc/arm-none-eabi/10.3.1/../../../../arm-none-eabi/lib/thumb/v7e-m+fp/hard\libc_nano.a(lib_a-writer.o)
                0x0000000008004be4                _write_r
 .text._close_r
                0x0000000008004c08       0x20 c:/st/stm32cubeide_1.7.0/stm32cubeide/plugins/com.st.stm32cube.ide.mcu.externaltools.gnu-tools-for-stm32.10.3-2021.10.win32_1.0.0.202111181127/tools/bin/../lib/gcc/arm-none-eabi/10.3.1/../../../../arm-none-eabi/lib/thumb/v7e-m+fp/hard\libc_nano.a(lib_a-closer.o)
                0x0000000008004c08                _close_r
 .text._fstat_r
                0x0000000008004c28       0x24 c:/st/stm32cubeide_1.7.0/stm32cubeide/plugins/com.st.stm32cube.ide.mcu.externaltools.gnu-tools-for-stm32.10.3-2021.10.win32_1.0.0.202111181127/tools/bin/../lib/gcc/arm-none-eabi/10.3.1/../../../../arm-none-eabi/lib/thumb/v7e-m+fp/hard\libc_nano.a(lib_a-fstatr.o)
                0x0000000008004c28                _fstat_r
 .text._lseek_r
                0x0000000008004c4c       0x24 c:/st/stm32cubeide_1.7.0/stm32cubeide/plugins/com.st.stm32cube.ide.mcu.externaltools.gnu-tools-for-stm32.10.3-2021.10.win32_1.0.0.202111181127/tools/bin/../lib/gcc/arm-none-eabi/10.3.1/../../../../arm-none-eabi/lib/thumb/v7e-m+fp/hard\libc_nano.a(lib_a-lseekr.o)
                0x0000000008004c4c                _lseek_r
 .text.__malloc_lock
                0x0000000008004c70        0xc c:/st/stm32cubeide_1.7.0/stm32cubeide/plugins/com.st.stm32cube.ide.mcu.externaltools.gnu-tools-for-stm32.10.3-2021.10.win32_1.0.0.202111181127/tools/bin/../lib/gcc/arm-none-eabi/10.3.1/../../../../arm-none-eabi/lib/thumb/v7e-m+fp/hard\libc_nano.a(lib_a-mlock.o)
                0x0000000008004c70                __malloc_lock
 .text.__malloc_unlock
                0x0000000008004c7c        0xc c:/st/stm32cubeide_1.7.0/stm32cubeide/plugins/com.st.stm32cube.ide.mcu.externaltools.gnu-tools-for-stm32.10.3-2021.10.win32_1.0.0.202111181127/tools/bin/../lib/gcc/arm-none-eabi/10.3.1/../../../../arm-none-eabi/lib/thumb/v7e-m+fp/hard\libc_nano.a(lib_a-mlock.o)
                0x0000000008004c7c                __malloc_unlock
 .text._read_r  0x0000000008004c88       0x24 c:/st/stm32cubeide_1.7.0/stm32cubeide/plugins/com.st.stm32cube.ide.mcu.externaltools.gnu-tools-for-stm32.10.3-2021.10.win32_1.0.0.202111181127/tools/bin/../lib/gcc/arm-none-eabi/10.3.1/../../../../arm-none-eabi/lib/thumb/v7e-m+fp/hard\libc_nano.a(lib_a-readr.o)
                0x0000000008004c88                _read_r
 *(.glue_7)
 .glue_7        0x0000000008004cac        0x0 linker stubs
 *(.glue_7t)
 .glue_7t       0x0000000008004cac        0x0 linker stubs
 *(.eh_frame)
 .eh_frame      0x0000000008004cac        0x0 c:/st/stm32cubeide_1.7.0/stm32cubeide/plugins/com.st.stm32cube.ide.mcu.externaltools.gnu-tools-for-stm32.10.3-2021.10.win32_1.0.0.202111181127/tools/bin/../lib/gcc/arm-none-eabi/10.3.1/thumb/v7e-m+fp/hard/crtbegin.o
 *(.init)
 .init          0x0000000008004cac        0x4 c:/st/stm32cubeide_1.7.0/stm32cubeide/plugins/com.st.stm32cube.ide.mcu.externaltools.gnu-tools-for-stm32.10.3-2021.10.win32_1.0.0.202111181127/tools/bin/../lib/gcc/arm-none-eabi/10.3.1/thumb/v7e-m+fp/hard/crti.o
                0x0000000008004cac                _init
 .init          0x0000000008004cb0        0x8 c:/st/stm32cubeide_1.7.0/stm32cubeide/plugins/com.st.stm32cube.ide.mcu.externaltools.gnu-tools-for-stm32.10.3-2021.10.win32_1.0.0.202111181127/tools/bin/../lib/gcc/arm-none-eabi/10.3.1/thumb/v7e-m+fp/hard/crtn.o
 *(.fini)
 .fini          0x0000000008004cb8        0x4 c:/st/stm32cubeide_1.7.0/stm32cubeide/plugins/com.st.stm32cube.ide.mcu.externaltools.gnu-tools-for-stm32.10.3-2021.10.win32_1.0.0.202111181127/tools/bin/../lib/gcc/arm-none-eabi/10.3.1/thumb/v7e-m+fp/hard/crti.o
                0x0000000008004cb8                _fini
 .fini          0x0000000008004cbc        0x8 c:/st/stm32cubeide_1.7.0/stm32cubeide/plugins/com.st.stm32cube.ide.mcu.externaltools.gnu-tools-for-stm32.10.3-2021.10.win32_1.0.0.202111181127/tools/bin/../lib/gcc/arm-none-eabi/10.3.1/thumb/v7e-m+fp/hard/crtn.o
                0x0000000008004cc4                . = ALIGN (0x4)
                0x0000000008004cc4                _etext = .

.vfp11_veneer   0x0000000008004cc4        0x0
 .vfp11_veneer  0x0000000008004cc4        0x0 linker stubs

.v4_bx          0x0000000008004cc4        0x0
 .v4_bx         0x0000000008004cc4        0x0 linker stubs

.iplt           0x0000000008004cc4        0x0
 .iplt          0x0000000008004cc4        0x0 c:/st/stm32cubeide_1.7.0/stm32cubeide/plugins/com.st.stm32cube.ide.mcu.externaltools.gnu-tools-for-stm32.10.3-2021.10.win32_1.0.0.202111181127/tools/bin/../lib/gcc/arm-none-eabi/10.3.1/thumb/v7e-m+fp/hard/crtbegin.o

.rodata         0x0000000008004cc4       0xf4
                0x0000000008004cc4                . = ALIGN (0x4)
 *(.rodata)
 *(.rodata*)
 .rodata.Q_this_module_
                0x0000000008004cc4        0x5 ./Core/Src/main.o
 *fill*         0x0000000008004cc9        0x3 
 .rodata.AHBPrescTable
                0x0000000008004ccc       0x10 ./Core/Src/system_stm32f7xx.o
                0x0000000008004ccc                AHBPrescTable
 .rodata.APBPrescTable
                0x0000000008004cdc        0x8 ./Core/Src/system_stm32f7xx.o
                0x0000000008004cdc                APBPrescTable
 .rodata.Q_this_module_
                0x0000000008004ce4        0x8 ./QPC/Src/qep_hsm.o
 .rodata.QEP_reservedEvt_
                0x0000000008004cec       0x10 ./QPC/Src/qep_hsm.o
 .rodata.vtable.0
                0x0000000008004cfc        0x8 ./QPC/Src/qep_hsm.o
 .rodata.Q_this_module_
                0x0000000008004d04        0x7 ./QPC/Src/qf_act.o
 *fill*         0x0000000008004d0b        0x1 
 .rodata.Q_this_module_
                0x0000000008004d0c        0x8 ./QPC/Src/qf_actq.o
 .rodata.Q_this_module_
                0x0000000008004d14        0x7 ./QPC/Src/qf_dyn.o
 *fill*         0x0000000008004d1b        0x1 
 .rodata.Q_this_module_
                0x0000000008004d1c        0x7 ./QPC/Src/qf_mem.o
 *fill*         0x0000000008004d23        0x1 
 .rodata.vtable.0
                0x0000000008004d24       0x14 ./QPC/Src/qf_qact.o
 .rodata.Q_this_module_
                0x0000000008004d38        0x8 ./QPC/Src/qf_time.o
 .rodata.Q_this_module_
                0x0000000008004d40        0x3 ./QPC/Src/qv.o
 *fill*         0x0000000008004d43        0x1 
 .rodata.buttonPressedEvt.3
                0x0000000008004d44        0x4 ./User/Src/Bsp.o
 .rodata.buttonReleasedEvt.2
                0x0000000008004d48        0x4 ./User/Src/Bsp.o
 .rodata.button2PressedEvt.1
                0x0000000008004d4c        0x4 ./User/Src/Bsp.o
 .rodata.button2ReleasedEvt.0
                0x0000000008004d50        0x4 ./User/Src/Bsp.o
 .rodata._global_impure_ptr
                0x0000000008004d54        0x4 c:/st/stm32cubeide_1.7.0/stm32cubeide/plugins/com.st.stm32cube.ide.mcu.externaltools.gnu-tools-for-stm32.10.3-2021.10.win32_1.0.0.202111181127/tools/bin/../lib/gcc/arm-none-eabi/10.3.1/../../../../arm-none-eabi/lib/thumb/v7e-m+fp/hard\libc_nano.a(lib_a-impure.o)
                0x0000000008004d54                _global_impure_ptr
 .rodata.__sf_fake_stderr
                0x0000000008004d58       0x20 c:/st/stm32cubeide_1.7.0/stm32cubeide/plugins/com.st.stm32cube.ide.mcu.externaltools.gnu-tools-for-stm32.10.3-2021.10.win32_1.0.0.202111181127/tools/bin/../lib/gcc/arm-none-eabi/10.3.1/../../../../arm-none-eabi/lib/thumb/v7e-m+fp/hard\libc_nano.a(lib_a-findfp.o)
                0x0000000008004d58                __sf_fake_stderr
 .rodata.__sf_fake_stdin
                0x0000000008004d78       0x20 c:/st/stm32cubeide_1.7.0/stm32cubeide/plugins/com.st.stm32cube.ide.mcu.externaltools.gnu-tools-for-stm32.10.3-2021.10.win32_1.0.0.202111181127/tools/bin/../lib/gcc/arm-none-eabi/10.3.1/../../../../arm-none-eabi/lib/thumb/v7e-m+fp/hard\libc_nano.a(lib_a-findfp.o)
                0x0000000008004d78                __sf_fake_stdin
 .rodata.__sf_fake_stdout
                0x0000000008004d98       0x20 c:/st/stm32cubeide_1.7.0/stm32cubeide/plugins/com.st.stm32cube.ide.mcu.externaltools.gnu-tools-for-stm32.10.3-2021.10.win32_1.0.0.202111181127/tools/bin/../lib/gcc/arm-none-eabi/10.3.1/../../../../arm-none-eabi/lib/thumb/v7e-m+fp/hard\libc_nano.a(lib_a-findfp.o)
                0x0000000008004d98                __sf_fake_stdout
                0x0000000008004db8                . = ALIGN (0x4)

.ARM.extab      0x0000000008004db8        0x0
                0x0000000008004db8                . = ALIGN (0x4)
 *(.ARM.extab* .gnu.linkonce.armextab.*)
                0x0000000008004db8                . = ALIGN (0x4)

.ARM            0x0000000008004db8        0x8
                0x0000000008004db8                . = ALIGN (0x4)
                0x0000000008004db8                __exidx_start = .
 *(.ARM.exidx*)
 .ARM.exidx     0x0000000008004db8        0x8 c:/st/stm32cubeide_1.7.0/stm32cubeide/plugins/com.st.stm32cube.ide.mcu.externaltools.gnu-tools-for-stm32.10.3-2021.10.win32_1.0.0.202111181127/tools/bin/../lib/gcc/arm-none-eabi/10.3.1/thumb/v7e-m+fp/hard\libgcc.a(_udivmoddi4.o)
                0x0000000008004dc0                __exidx_end = .
                0x0000000008004dc0                . = ALIGN (0x4)

.rel.dyn        0x0000000008004dc0        0x0
 .rel.iplt      0x0000000008004dc0        0x0 c:/st/stm32cubeide_1.7.0/stm32cubeide/plugins/com.st.stm32cube.ide.mcu.externaltools.gnu-tools-for-stm32.10.3-2021.10.win32_1.0.0.202111181127/tools/bin/../lib/gcc/arm-none-eabi/10.3.1/thumb/v7e-m+fp/hard/crtbegin.o

.preinit_array  0x0000000008004dc0        0x0
                0x0000000008004dc0                . = ALIGN (0x4)
                0x0000000008004dc0                PROVIDE (__preinit_array_start = .)
 *(.preinit_array*)
                0x0000000008004dc0                PROVIDE (__preinit_array_end = .)
                0x0000000008004dc0                . = ALIGN (0x4)

.init_array     0x0000000008004dc0        0x4
                0x0000000008004dc0                . = ALIGN (0x4)
                0x0000000008004dc0                PROVIDE (__init_array_start = .)
 *(SORT_BY_NAME(.init_array.*))
 *(.init_array*)
 .init_array    0x0000000008004dc0        0x4 c:/st/stm32cubeide_1.7.0/stm32cubeide/plugins/com.st.stm32cube.ide.mcu.externaltools.gnu-tools-for-stm32.10.3-2021.10.win32_1.0.0.202111181127/tools/bin/../lib/gcc/arm-none-eabi/10.3.1/thumb/v7e-m+fp/hard/crtbegin.o
                0x0000000008004dc4                PROVIDE (__init_array_end = .)
                0x0000000008004dc4                . = ALIGN (0x4)

.fini_array     0x0000000008004dc4        0x4
                0x0000000008004dc4                . = ALIGN (0x4)
                [!provide]                        PROVIDE (__fini_array_start = .)
 *(SORT_BY_NAME(.fini_array.*))
 *(.fini_array*)
 .fini_array    0x0000000008004dc4        0x4 c:/st/stm32cubeide_1.7.0/stm32cubeide/plugins/com.st.stm32cube.ide.mcu.externaltools.gnu-tools-for-stm32.10.3-2021.10.win32_1.0.0.202111181127/tools/bin/../lib/gcc/arm-none-eabi/10.3.1/thumb/v7e-m+fp/hard/crtbegin.o
                [!provide]                        PROVIDE (__fini_array_end = .)
                0x0000000008004dc8                . = ALIGN (0x4)
                0x0000000008004dc8                _sidata = LOADADDR (.data)

.data           0x0000000020000000       0x74 load address 0x0000000008004dc8
                0x0000000020000000                . = ALIGN (0x4)
                0x0000000020000000                _sdata = .
 *(.data)
 *(.data*)
 .data.AO_TimeBomb
                0x0000000020000000        0x4 ./Core/Src/main.o
                0x0000000020000000                AO_TimeBomb
 .data.SystemCoreClock
                0x0000000020000004        0x4 ./Core/Src/system_stm32f7xx.o
                0x0000000020000004                SystemCoreClock
 .data.uwTickPrio
                0x0000000020000008        0x4 ./Drivers/STM32F7xx_HAL_Driver/Src/stm32f7xx_hal.o
                0x0000000020000008                uwTickPrio
 .data.uwTickFreq
                0x000000002000000c        0x1 ./Drivers/STM32F7xx_HAL_Driver/Src/stm32f7xx_hal.o
                0x000000002000000c                uwTickFreq
 *fill*         0x000000002000000d        0x3 
 .data._impure_ptr
                0x0000000020000010        0x4 c:/st/stm32cubeide_1.7.0/stm32cubeide/plugins/com.st.stm32cube.ide.mcu.externaltools.gnu-tools-for-stm32.10.3-2021.10.win32_1.0.0.202111181127/tools/bin/../lib/gcc/arm-none-eabi/10.3.1/../../../../arm-none-eabi/lib/thumb/v7e-m+fp/hard\libc_nano.a(lib_a-impure.o)
                0x0000000020000010                _impure_ptr
 .data.impure_data
                0x0000000020000014       0x60 c:/st/stm32cubeide_1.7.0/stm32cubeide/plugins/com.st.stm32cube.ide.mcu.externaltools.gnu-tools-for-stm32.10.3-2021.10.win32_1.0.0.202111181127/tools/bin/../lib/gcc/arm-none-eabi/10.3.1/../../../../arm-none-eabi/lib/thumb/v7e-m+fp/hard\libc_nano.a(lib_a-impure.o)
 *(.RamFunc)
 *(.RamFunc*)
                0x0000000020000074                . = ALIGN (0x4)
                0x0000000020000074                _edata = .

.igot.plt       0x0000000020000074        0x0 load address 0x0000000008004e3c
 .igot.plt      0x0000000020000074        0x0 c:/st/stm32cubeide_1.7.0/stm32cubeide/plugins/com.st.stm32cube.ide.mcu.externaltools.gnu-tools-for-stm32.10.3-2021.10.win32_1.0.0.202111181127/tools/bin/../lib/gcc/arm-none-eabi/10.3.1/thumb/v7e-m+fp/hard/crtbegin.o
                0x0000000020000074                . = ALIGN (0x4)

.bss            0x0000000020000074      0x210 load address 0x0000000008004e3c
                0x0000000020000074                _sbss = .
                0x0000000020000074                __bss_start__ = _sbss
 *(.bss)
 .bss           0x0000000020000074       0x1c c:/st/stm32cubeide_1.7.0/stm32cubeide/plugins/com.st.stm32cube.ide.mcu.externaltools.gnu-tools-for-stm32.10.3-2021.10.win32_1.0.0.202111181127/tools/bin/../lib/gcc/arm-none-eabi/10.3.1/thumb/v7e-m+fp/hard/crtbegin.o
 *(.bss*)
 .bss.TimeBomb_queue
                0x0000000020000090       0x28 ./Core/Src/main.o
 .bss.timebomb  0x00000000200000b8       0x34 ./Core/Src/main.o
 .bss.huart3    0x00000000200000ec       0x84 ./Core/Src/main.o
                0x00000000200000ec                huart3
 .bss.gHuart    0x0000000020000170        0x4 ./Core/Src/retarget.o
                0x0000000020000170                gHuart
 .bss.__sbrk_heap_end
                0x0000000020000174        0x4 ./Core/Src/sysmem.o
 .bss.uwTick    0x0000000020000178        0x4 ./Drivers/STM32F7xx_HAL_Driver/Src/stm32f7xx_hal.o
                0x0000000020000178                uwTick
 .bss.QF_active_
                0x000000002000017c       0x84 ./QPC/Src/qf_act.o
                0x000000002000017c                QF_active_
 .bss.QF_pool_  0x0000000020000200       0x3c ./QPC/Src/qf_dyn.o
                0x0000000020000200                QF_pool_
 .bss.QF_maxPool_
                0x000000002000023c        0x4 ./QPC/Src/qf_dyn.o
                0x000000002000023c                QF_maxPool_
 .bss.QF_subscrList_
                0x0000000020000240        0x4 ./QPC/Src/qf_ps.o
                0x0000000020000240                QF_subscrList_
 .bss.QF_maxPubSignal_
                0x0000000020000244        0x4 ./QPC/Src/qf_ps.o
                0x0000000020000244                QF_maxPubSignal_
 .bss.QF_timeEvtHead_
                0x0000000020000248       0x20 ./QPC/Src/qf_time.o
                0x0000000020000248                QF_timeEvtHead_
 .bss.QV_readySet_
                0x0000000020000268        0x4 ./QPC/Src/qv.o
                0x0000000020000268                QV_readySet_
 .bss.buttons.4
                0x000000002000026c        0x8 ./User/Src/Bsp.o
 .bss.__lock___malloc_recursive_mutex
                0x0000000020000274        0x1 c:/st/stm32cubeide_1.7.0/stm32cubeide/plugins/com.st.stm32cube.ide.mcu.externaltools.gnu-tools-for-stm32.10.3-2021.10.win32_1.0.0.202111181127/tools/bin/../lib/gcc/arm-none-eabi/10.3.1/../../../../arm-none-eabi/lib/thumb/v7e-m+fp/hard\libc_nano.a(lib_a-lock.o)
                0x0000000020000274                __lock___malloc_recursive_mutex
 .bss.__lock___sfp_recursive_mutex
                0x0000000020000275        0x1 c:/st/stm32cubeide_1.7.0/stm32cubeide/plugins/com.st.stm32cube.ide.mcu.externaltools.gnu-tools-for-stm32.10.3-2021.10.win32_1.0.0.202111181127/tools/bin/../lib/gcc/arm-none-eabi/10.3.1/../../../../arm-none-eabi/lib/thumb/v7e-m+fp/hard\libc_nano.a(lib_a-lock.o)
                0x0000000020000275                __lock___sfp_recursive_mutex
 .bss.__lock___sinit_recursive_mutex
                0x0000000020000276        0x1 c:/st/stm32cubeide_1.7.0/stm32cubeide/plugins/com.st.stm32cube.ide.mcu.externaltools.gnu-tools-for-stm32.10.3-2021.10.win32_1.0.0.202111181127/tools/bin/../lib/gcc/arm-none-eabi/10.3.1/../../../../arm-none-eabi/lib/thumb/v7e-m+fp/hard\libc_nano.a(lib_a-lock.o)
                0x0000000020000276                __lock___sinit_recursive_mutex
 *fill*         0x0000000020000277        0x1 
 .bss.__malloc_free_list
                0x0000000020000278        0x4 c:/st/stm32cubeide_1.7.0/stm32cubeide/plugins/com.st.stm32cube.ide.mcu.externaltools.gnu-tools-for-stm32.10.3-2021.10.win32_1.0.0.202111181127/tools/bin/../lib/gcc/arm-none-eabi/10.3.1/../../../../arm-none-eabi/lib/thumb/v7e-m+fp/hard\libc_nano.a(lib_a-nano-mallocr.o)
                0x0000000020000278                __malloc_free_list
 .bss.__malloc_sbrk_start
                0x000000002000027c        0x4 c:/st/stm32cubeide_1.7.0/stm32cubeide/plugins/com.st.stm32cube.ide.mcu.externaltools.gnu-tools-for-stm32.10.3-2021.10.win32_1.0.0.202111181127/tools/bin/../lib/gcc/arm-none-eabi/10.3.1/../../../../arm-none-eabi/lib/thumb/v7e-m+fp/hard\libc_nano.a(lib_a-nano-mallocr.o)
                0x000000002000027c                __malloc_sbrk_start
 .bss.errno     0x0000000020000280        0x4 c:/st/stm32cubeide_1.7.0/stm32cubeide/plugins/com.st.stm32cube.ide.mcu.externaltools.gnu-tools-for-stm32.10.3-2021.10.win32_1.0.0.202111181127/tools/bin/../lib/gcc/arm-none-eabi/10.3.1/../../../../arm-none-eabi/lib/thumb/v7e-m+fp/hard\libc_nano.a(lib_a-reent.o)
                0x0000000020000280                errno
 *(COMMON)
                0x0000000020000284                . = ALIGN (0x4)
                0x0000000020000284                _ebss = .
                0x0000000020000284                __bss_end__ = _ebss

._user_heap_stack
                0x0000000020000284      0x604 load address 0x0000000008004e3c
                0x0000000020000288                . = ALIGN (0x8)
 *fill*         0x0000000020000284        0x4 
                [!provide]                        PROVIDE (end = .)
                0x0000000020000288                PROVIDE (_end = .)
                0x0000000020000488                . = (. + _Min_Heap_Size)
 *fill*         0x0000000020000288      0x200 
                0x0000000020000888                . = (. + _Min_Stack_Size)
 *fill*         0x0000000020000488      0x400 
                0x0000000020000888                . = ALIGN (0x8)

/DISCARD/
 libc.a(*)
 libm.a(*)
 libgcc.a(*)

.ARM.attributes
                0x0000000000000000       0x30
 *(.ARM.attributes)
 .ARM.attributes
                0x0000000000000000       0x1e c:/st/stm32cubeide_1.7.0/stm32cubeide/plugins/com.st.stm32cube.ide.mcu.externaltools.gnu-tools-for-stm32.10.3-2021.10.win32_1.0.0.202111181127/tools/bin/../lib/gcc/arm-none-eabi/10.3.1/thumb/v7e-m+fp/hard/crti.o
 .ARM.attributes
                0x000000000000001e       0x34 c:/st/stm32cubeide_1.7.0/stm32cubeide/plugins/com.st.stm32cube.ide.mcu.externaltools.gnu-tools-for-stm32.10.3-2021.10.win32_1.0.0.202111181127/tools/bin/../lib/gcc/arm-none-eabi/10.3.1/thumb/v7e-m+fp/hard/crtbegin.o
 .ARM.attributes
                0x0000000000000052       0x34 ./Core/Src/main.o
 .ARM.attributes
                0x0000000000000086       0x34 ./Core/Src/retarget.o
 .ARM.attributes
                0x00000000000000ba       0x34 ./Core/Src/stm32f7xx_hal_msp.o
 .ARM.attributes
                0x00000000000000ee       0x34 ./Core/Src/stm32f7xx_it.o
 .ARM.attributes
                0x0000000000000122       0x34 ./Core/Src/sysmem.o
 .ARM.attributes
                0x0000000000000156       0x34 ./Core/Src/system_stm32f7xx.o
 .ARM.attributes
                0x000000000000018a       0x21 ./Core/Startup/startup_stm32f746zgtx.o
 .ARM.attributes
                0x00000000000001ab       0x34 ./Drivers/STM32F7xx_HAL_Driver/Src/stm32f7xx_hal.o
 .ARM.attributes
                0x00000000000001df       0x34 ./Drivers/STM32F7xx_HAL_Driver/Src/stm32f7xx_hal_cortex.o
 .ARM.attributes
                0x0000000000000213       0x34 ./Drivers/STM32F7xx_HAL_Driver/Src/stm32f7xx_hal_gpio.o
 .ARM.attributes
                0x0000000000000247       0x34 ./Drivers/STM32F7xx_HAL_Driver/Src/stm32f7xx_hal_pwr.o
 .ARM.attributes
                0x000000000000027b       0x34 ./Drivers/STM32F7xx_HAL_Driver/Src/stm32f7xx_hal_pwr_ex.o
 .ARM.attributes
                0x00000000000002af       0x34 ./Drivers/STM32F7xx_HAL_Driver/Src/stm32f7xx_hal_rcc.o
 .ARM.attributes
                0x00000000000002e3       0x34 ./Drivers/STM32F7xx_HAL_Driver/Src/stm32f7xx_hal_rcc_ex.o
 .ARM.attributes
                0x0000000000000317       0x34 ./Drivers/STM32F7xx_HAL_Driver/Src/stm32f7xx_hal_uart.o
 .ARM.attributes
                0x000000000000034b       0x34 ./QPC/Src/qep_hsm.o
 .ARM.attributes
                0x000000000000037f       0x34 ./QPC/Src/qf_act.o
 .ARM.attributes
                0x00000000000003b3       0x34 ./QPC/Src/qf_actq.o
 .ARM.attributes
                0x00000000000003e7       0x34 ./QPC/Src/qf_dyn.o
 .ARM.attributes
                0x000000000000041b       0x34 ./QPC/Src/qf_mem.o
 .ARM.attributes
                0x000000000000044f       0x34 ./QPC/Src/qf_ps.o
 .ARM.attributes
                0x0000000000000483       0x34 ./QPC/Src/qf_qact.o
 .ARM.attributes
                0x00000000000004b7       0x34 ./QPC/Src/qf_qeq.o
 .ARM.attributes
                0x00000000000004eb       0x34 ./QPC/Src/qf_time.o
 .ARM.attributes
                0x000000000000051f       0x34 ./QPC/Src/qv.o
 .ARM.attributes
                0x0000000000000553       0x34 ./QPC/Src/qv_port.o
 .ARM.attributes
                0x0000000000000587       0x34 ./User/Src/Bsp.o
 .ARM.attributes
                0x00000000000005bb       0x34 ./User/Src/TimeBomb.o
 .ARM.attributes
                0x00000000000005ef       0x34 c:/st/stm32cubeide_1.7.0/stm32cubeide/plugins/com.st.stm32cube.ide.mcu.externaltools.gnu-tools-for-stm32.10.3-2021.10.win32_1.0.0.202111181127/tools/bin/../lib/gcc/arm-none-eabi/10.3.1/../../../../arm-none-eabi/lib/thumb/v7e-m+fp/hard\libc_nano.a(lib_a-errno.o)
 .ARM.attributes
                0x0000000000000623       0x34 c:/st/stm32cubeide_1.7.0/stm32cubeide/plugins/com.st.stm32cube.ide.mcu.externaltools.gnu-tools-for-stm32.10.3-2021.10.win32_1.0.0.202111181127/tools/bin/../lib/gcc/arm-none-eabi/10.3.1/../../../../arm-none-eabi/lib/thumb/v7e-m+fp/hard\libc_nano.a(lib_a-impure.o)
 .ARM.attributes
                0x0000000000000657       0x34 c:/st/stm32cubeide_1.7.0/stm32cubeide/plugins/com.st.stm32cube.ide.mcu.externaltools.gnu-tools-for-stm32.10.3-2021.10.win32_1.0.0.202111181127/tools/bin/../lib/gcc/arm-none-eabi/10.3.1/../../../../arm-none-eabi/lib/thumb/v7e-m+fp/hard\libc_nano.a(lib_a-init.o)
 .ARM.attributes
                0x000000000000068b       0x34 c:/st/stm32cubeide_1.7.0/stm32cubeide/plugins/com.st.stm32cube.ide.mcu.externaltools.gnu-tools-for-stm32.10.3-2021.10.win32_1.0.0.202111181127/tools/bin/../lib/gcc/arm-none-eabi/10.3.1/../../../../arm-none-eabi/lib/thumb/v7e-m+fp/hard\libc_nano.a(lib_a-memset.o)
 .ARM.attributes
                0x00000000000006bf       0x34 c:/st/stm32cubeide_1.7.0/stm32cubeide/plugins/com.st.stm32cube.ide.mcu.externaltools.gnu-tools-for-stm32.10.3-2021.10.win32_1.0.0.202111181127/tools/bin/../lib/gcc/arm-none-eabi/10.3.1/../../../../arm-none-eabi/lib/thumb/v7e-m+fp/hard\libc_nano.a(lib_a-setvbuf.o)
 .ARM.attributes
                0x00000000000006f3       0x34 c:/st/stm32cubeide_1.7.0/stm32cubeide/plugins/com.st.stm32cube.ide.mcu.externaltools.gnu-tools-for-stm32.10.3-2021.10.win32_1.0.0.202111181127/tools/bin/../lib/gcc/arm-none-eabi/10.3.1/../../../../arm-none-eabi/lib/thumb/v7e-m+fp/hard\libc_nano.a(lib_a-fflush.o)
 .ARM.attributes
                0x0000000000000727       0x34 c:/st/stm32cubeide_1.7.0/stm32cubeide/plugins/com.st.stm32cube.ide.mcu.externaltools.gnu-tools-for-stm32.10.3-2021.10.win32_1.0.0.202111181127/tools/bin/../lib/gcc/arm-none-eabi/10.3.1/../../../../arm-none-eabi/lib/thumb/v7e-m+fp/hard\libc_nano.a(lib_a-findfp.o)
 .ARM.attributes
                0x000000000000075b       0x34 c:/st/stm32cubeide_1.7.0/stm32cubeide/plugins/com.st.stm32cube.ide.mcu.externaltools.gnu-tools-for-stm32.10.3-2021.10.win32_1.0.0.202111181127/tools/bin/../lib/gcc/arm-none-eabi/10.3.1/../../../../arm-none-eabi/lib/thumb/v7e-m+fp/hard\libc_nano.a(lib_a-fwalk.o)
 .ARM.attributes
                0x000000000000078f       0x34 c:/st/stm32cubeide_1.7.0/stm32cubeide/plugins/com.st.stm32cube.ide.mcu.externaltools.gnu-tools-for-stm32.10.3-2021.10.win32_1.0.0.202111181127/tools/bin/../lib/gcc/arm-none-eabi/10.3.1/../../../../arm-none-eabi/lib/thumb/v7e-m+fp/hard\libc_nano.a(lib_a-lock.o)
 .ARM.attributes
                0x00000000000007c3       0x34 c:/st/stm32cubeide_1.7.0/stm32cubeide/plugins/com.st.stm32cube.ide.mcu.externaltools.gnu-tools-for-stm32.10.3-2021.10.win32_1.0.0.202111181127/tools/bin/../lib/gcc/arm-none-eabi/10.3.1/../../../../arm-none-eabi/lib/thumb/v7e-m+fp/hard\libc_nano.a(lib_a-makebuf.o)
 .ARM.attributes
                0x00000000000007f7       0x34 c:/st/stm32cubeide_1.7.0/stm32cubeide/plugins/com.st.stm32cube.ide.mcu.externaltools.gnu-tools-for-stm32.10.3-2021.10.win32_1.0.0.202111181127/tools/bin/../lib/gcc/arm-none-eabi/10.3.1/../../../../arm-none-eabi/lib/thumb/v7e-m+fp/hard\libc_nano.a(lib_a-malloc.o)
 .ARM.attributes
                0x000000000000082b       0x34 c:/st/stm32cubeide_1.7.0/stm32cubeide/plugins/com.st.stm32cube.ide.mcu.externaltools.gnu-tools-for-stm32.10.3-2021.10.win32_1.0.0.202111181127/tools/bin/../lib/gcc/arm-none-eabi/10.3.1/../../../../arm-none-eabi/lib/thumb/v7e-m+fp/hard\libc_nano.a(lib_a-nano-freer.o)
 .ARM.attributes
                0x000000000000085f       0x34 c:/st/stm32cubeide_1.7.0/stm32cubeide/plugins/com.st.stm32cube.ide.mcu.externaltools.gnu-tools-for-stm32.10.3-2021.10.win32_1.0.0.202111181127/tools/bin/../lib/gcc/arm-none-eabi/10.3.1/../../../../arm-none-eabi/lib/thumb/v7e-m+fp/hard\libc_nano.a(lib_a-nano-mallocr.o)
 .ARM.attributes
                0x0000000000000893       0x34 c:/st/stm32cubeide_1.7.0/stm32cubeide/plugins/com.st.stm32cube.ide.mcu.externaltools.gnu-tools-for-stm32.10.3-2021.10.win32_1.0.0.202111181127/tools/bin/../lib/gcc/arm-none-eabi/10.3.1/../../../../arm-none-eabi/lib/thumb/v7e-m+fp/hard\libc_nano.a(lib_a-sbrkr.o)
 .ARM.attributes
                0x00000000000008c7       0x34 c:/st/stm32cubeide_1.7.0/stm32cubeide/plugins/com.st.stm32cube.ide.mcu.externaltools.gnu-tools-for-stm32.10.3-2021.10.win32_1.0.0.202111181127/tools/bin/../lib/gcc/arm-none-eabi/10.3.1/../../../../arm-none-eabi/lib/thumb/v7e-m+fp/hard\libc_nano.a(lib_a-stdio.o)
 .ARM.attributes
                0x00000000000008fb       0x34 c:/st/stm32cubeide_1.7.0/stm32cubeide/plugins/com.st.stm32cube.ide.mcu.externaltools.gnu-tools-for-stm32.10.3-2021.10.win32_1.0.0.202111181127/tools/bin/../lib/gcc/arm-none-eabi/10.3.1/../../../../arm-none-eabi/lib/thumb/v7e-m+fp/hard\libc_nano.a(lib_a-writer.o)
 .ARM.attributes
                0x000000000000092f       0x34 c:/st/stm32cubeide_1.7.0/stm32cubeide/plugins/com.st.stm32cube.ide.mcu.externaltools.gnu-tools-for-stm32.10.3-2021.10.win32_1.0.0.202111181127/tools/bin/../lib/gcc/arm-none-eabi/10.3.1/../../../../arm-none-eabi/lib/thumb/v7e-m+fp/hard\libc_nano.a(lib_a-closer.o)
 .ARM.attributes
                0x0000000000000963       0x34 c:/st/stm32cubeide_1.7.0/stm32cubeide/plugins/com.st.stm32cube.ide.mcu.externaltools.gnu-tools-for-stm32.10.3-2021.10.win32_1.0.0.202111181127/tools/bin/../lib/gcc/arm-none-eabi/10.3.1/../../../../arm-none-eabi/lib/thumb/v7e-m+fp/hard\libc_nano.a(lib_a-fstatr.o)
 .ARM.attributes
                0x0000000000000997       0x34 c:/st/stm32cubeide_1.7.0/stm32cubeide/plugins/com.st.stm32cube.ide.mcu.externaltools.gnu-tools-for-stm32.10.3-2021.10.win32_1.0.0.202111181127/tools/bin/../lib/gcc/arm-none-eabi/10.3.1/../../../../arm-none-eabi/lib/thumb/v7e-m+fp/hard\libc_nano.a(lib_a-lseekr.o)
 .ARM.attributes
                0x00000000000009cb       0x34 c:/st/stm32cubeide_1.7.0/stm32cubeide/plugins/com.st.stm32cube.ide.mcu.externaltools.gnu-tools-for-stm32.10.3-2021.10.win32_1.0.0.202111181127/tools/bin/../lib/gcc/arm-none-eabi/10.3.1/../../../../arm-none-eabi/lib/thumb/v7e-m+fp/hard\libc_nano.a(lib_a-mlock.o)
 .ARM.attributes
                0x00000000000009ff       0x34 c:/st/stm32cubeide_1.7.0/stm32cubeide/plugins/com.st.stm32cube.ide.mcu.externaltools.gnu-tools-for-stm32.10.3-2021.10.win32_1.0.0.202111181127/tools/bin/../lib/gcc/arm-none-eabi/10.3.1/../../../../arm-none-eabi/lib/thumb/v7e-m+fp/hard\libc_nano.a(lib_a-readr.o)
 .ARM.attributes
                0x0000000000000a33       0x34 c:/st/stm32cubeide_1.7.0/stm32cubeide/plugins/com.st.stm32cube.ide.mcu.externaltools.gnu-tools-for-stm32.10.3-2021.10.win32_1.0.0.202111181127/tools/bin/../lib/gcc/arm-none-eabi/10.3.1/../../../../arm-none-eabi/lib/thumb/v7e-m+fp/hard\libc_nano.a(lib_a-reent.o)
 .ARM.attributes
                0x0000000000000a67       0x1e c:/st/stm32cubeide_1.7.0/stm32cubeide/plugins/com.st.stm32cube.ide.mcu.externaltools.gnu-tools-for-stm32.10.3-2021.10.win32_1.0.0.202111181127/tools/bin/../lib/gcc/arm-none-eabi/10.3.1/thumb/v7e-m+fp/hard\libgcc.a(_aeabi_uldivmod.o)
 .ARM.attributes
                0x0000000000000a85       0x34 c:/st/stm32cubeide_1.7.0/stm32cubeide/plugins/com.st.stm32cube.ide.mcu.externaltools.gnu-tools-for-stm32.10.3-2021.10.win32_1.0.0.202111181127/tools/bin/../lib/gcc/arm-none-eabi/10.3.1/thumb/v7e-m+fp/hard\libgcc.a(_udivmoddi4.o)
 .ARM.attributes
                0x0000000000000ab9       0x1e c:/st/stm32cubeide_1.7.0/stm32cubeide/plugins/com.st.stm32cube.ide.mcu.externaltools.gnu-tools-for-stm32.10.3-2021.10.win32_1.0.0.202111181127/tools/bin/../lib/gcc/arm-none-eabi/10.3.1/thumb/v7e-m+fp/hard\libgcc.a(_dvmd_tls.o)
 .ARM.attributes
                0x0000000000000ad7       0x1e c:/st/stm32cubeide_1.7.0/stm32cubeide/plugins/com.st.stm32cube.ide.mcu.externaltools.gnu-tools-for-stm32.10.3-2021.10.win32_1.0.0.202111181127/tools/bin/../lib/gcc/arm-none-eabi/10.3.1/thumb/v7e-m+fp/hard/crtn.o
OUTPUT(TimeBomb_QHSM_Manual.elf elf32-littlearm)
LOAD linker stubs
LOAD c:/st/stm32cubeide_1.7.0/stm32cubeide/plugins/com.st.stm32cube.ide.mcu.externaltools.gnu-tools-for-stm32.10.3-2021.10.win32_1.0.0.202111181127/tools/bin/../lib/gcc/arm-none-eabi/10.3.1/../../../../arm-none-eabi/lib/thumb/v7e-m+fp/hard\libc.a
LOAD c:/st/stm32cubeide_1.7.0/stm32cubeide/plugins/com.st.stm32cube.ide.mcu.externaltools.gnu-tools-for-stm32.10.3-2021.10.win32_1.0.0.202111181127/tools/bin/../lib/gcc/arm-none-eabi/10.3.1/../../../../arm-none-eabi/lib/thumb/v7e-m+fp/hard\libm.a
LOAD c:/st/stm32cubeide_1.7.0/stm32cubeide/plugins/com.st.stm32cube.ide.mcu.externaltools.gnu-tools-for-stm32.10.3-2021.10.win32_1.0.0.202111181127/tools/bin/../lib/gcc/arm-none-eabi/10.3.1/thumb/v7e-m+fp/hard\libgcc.a

.debug_info     0x0000000000000000    0x12d56
 .debug_info    0x0000000000000000     0x2207 ./Core/Src/main.o
 .debug_info    0x0000000000002207     0x121e ./Core/Src/retarget.o
 .debug_info    0x0000000000003425     0x14ec ./Core/Src/stm32f7xx_hal_msp.o
 .debug_info    0x0000000000004911      0x166 ./Core/Src/stm32f7xx_it.o
 .debug_info    0x0000000000004a77      0x171 ./Core/Src/sysmem.o
 .debug_info    0x0000000000004be8      0x72c ./Core/Src/system_stm32f7xx.o
 .debug_info    0x0000000000005314       0x22 ./Core/Startup/startup_stm32f746zgtx.o
 .debug_info    0x0000000000005336      0xa0c ./Drivers/STM32F7xx_HAL_Driver/Src/stm32f7xx_hal.o
 .debug_info    0x0000000000005d42     0x105a ./Drivers/STM32F7xx_HAL_Driver/Src/stm32f7xx_hal_cortex.o
 .debug_info    0x0000000000006d9c      0x794 ./Drivers/STM32F7xx_HAL_Driver/Src/stm32f7xx_hal_gpio.o
 .debug_info    0x0000000000007530      0x978 ./Drivers/STM32F7xx_HAL_Driver/Src/stm32f7xx_hal_pwr.o
 .debug_info    0x0000000000007ea8      0x92e ./Drivers/STM32F7xx_HAL_Driver/Src/stm32f7xx_hal_pwr_ex.o
 .debug_info    0x00000000000087d6      0x99c ./Drivers/STM32F7xx_HAL_Driver/Src/stm32f7xx_hal_rcc.o
 .debug_info    0x0000000000009172      0x764 ./Drivers/STM32F7xx_HAL_Driver/Src/stm32f7xx_hal_rcc_ex.o
 .debug_info    0x00000000000098d6     0x3ca3 ./Drivers/STM32F7xx_HAL_Driver/Src/stm32f7xx_hal_uart.o
 .debug_info    0x000000000000d579      0x800 ./QPC/Src/qep_hsm.o
 .debug_info    0x000000000000dd79      0x5b3 ./QPC/Src/qf_act.o
 .debug_info    0x000000000000e32c      0x976 ./QPC/Src/qf_actq.o
 .debug_info    0x000000000000eca2      0x47e ./QPC/Src/qf_dyn.o
 .debug_info    0x000000000000f120      0x38c ./QPC/Src/qf_mem.o
 .debug_info    0x000000000000f4ac      0x8ed ./QPC/Src/qf_ps.o
 .debug_info    0x000000000000fd99      0x62b ./QPC/Src/qf_qact.o
 .debug_info    0x00000000000103c4      0x3b4 ./QPC/Src/qf_qeq.o
 .debug_info    0x0000000000010778      0x8e8 ./QPC/Src/qf_time.o
 .debug_info    0x0000000000011060      0x850 ./QPC/Src/qv.o
 .debug_info    0x00000000000118b0       0xc4 ./QPC/Src/qv_port.o
 .debug_info    0x0000000000011974      0xb2c ./User/Src/Bsp.o
 .debug_info    0x00000000000124a0      0x8b6 ./User/Src/TimeBomb.o

.debug_abbrev   0x0000000000000000     0x39e8
 .debug_abbrev  0x0000000000000000      0x3ff ./Core/Src/main.o
 .debug_abbrev  0x00000000000003ff      0x238 ./Core/Src/retarget.o
 .debug_abbrev  0x0000000000000637      0x201 ./Core/Src/stm32f7xx_hal_msp.o
 .debug_abbrev  0x0000000000000838       0xb2 ./Core/Src/stm32f7xx_it.o
 .debug_abbrev  0x00000000000008ea       0xbb ./Core/Src/sysmem.o
 .debug_abbrev  0x00000000000009a5      0x136 ./Core/Src/system_stm32f7xx.o
 .debug_abbrev  0x0000000000000adb       0x12 ./Core/Startup/startup_stm32f746zgtx.o
 .debug_abbrev  0x0000000000000aed      0x20d ./Drivers/STM32F7xx_HAL_Driver/Src/stm32f7xx_hal.o
 .debug_abbrev  0x0000000000000cfa      0x316 ./Drivers/STM32F7xx_HAL_Driver/Src/stm32f7xx_hal_cortex.o
 .debug_abbrev  0x0000000000001010      0x1c4 ./Drivers/STM32F7xx_HAL_Driver/Src/stm32f7xx_hal_gpio.o
 .debug_abbrev  0x00000000000011d4      0x1b8 ./Drivers/STM32F7xx_HAL_Driver/Src/stm32f7xx_hal_pwr.o
 .debug_abbrev  0x000000000000138c      0x1cb ./Drivers/STM32F7xx_HAL_Driver/Src/stm32f7xx_hal_pwr_ex.o
 .debug_abbrev  0x0000000000001557      0x27b ./Drivers/STM32F7xx_HAL_Driver/Src/stm32f7xx_hal_rcc.o
 .debug_abbrev  0x00000000000017d2      0x1b9 ./Drivers/STM32F7xx_HAL_Driver/Src/stm32f7xx_hal_rcc_ex.o
 .debug_abbrev  0x000000000000198b      0x2ce ./Drivers/STM32F7xx_HAL_Driver/Src/stm32f7xx_hal_uart.o
 .debug_abbrev  0x0000000000001c59      0x2f7 ./QPC/Src/qep_hsm.o
 .debug_abbrev  0x0000000000001f50      0x221 ./QPC/Src/qf_act.o
 .debug_abbrev  0x0000000000002171      0x31d ./QPC/Src/qf_actq.o
 .debug_abbrev  0x000000000000248e      0x239 ./QPC/Src/qf_dyn.o
 .debug_abbrev  0x00000000000026c7      0x1c1 ./QPC/Src/qf_mem.o
 .debug_abbrev  0x0000000000002888      0x2bd ./QPC/Src/qf_ps.o
 .debug_abbrev  0x0000000000002b45      0x1d6 ./QPC/Src/qf_qact.o
 .debug_abbrev  0x0000000000002d1b      0x1b8 ./QPC/Src/qf_qeq.o
 .debug_abbrev  0x0000000000002ed3      0x2e2 ./QPC/Src/qf_time.o
 .debug_abbrev  0x00000000000031b5      0x2ed ./QPC/Src/qv.o
 .debug_abbrev  0x00000000000034a2       0x67 ./QPC/Src/qv_port.o
 .debug_abbrev  0x0000000000003509      0x2af ./User/Src/Bsp.o
 .debug_abbrev  0x00000000000037b8      0x230 ./User/Src/TimeBomb.o

.debug_aranges  0x0000000000000000      0xc10
 .debug_aranges
                0x0000000000000000       0x60 ./Core/Src/main.o
 .debug_aranges
                0x0000000000000060       0x50 ./Core/Src/retarget.o
 .debug_aranges
                0x00000000000000b0       0x40 ./Core/Src/stm32f7xx_hal_msp.o
 .debug_aranges
                0x00000000000000f0       0x68 ./Core/Src/stm32f7xx_it.o
 .debug_aranges
                0x0000000000000158       0x20 ./Core/Src/sysmem.o
 .debug_aranges
                0x0000000000000178       0x28 ./Core/Src/system_stm32f7xx.o
 .debug_aranges
                0x00000000000001a0       0x28 ./Core/Startup/startup_stm32f746zgtx.o
 .debug_aranges
                0x00000000000001c8      0x100 ./Drivers/STM32F7xx_HAL_Driver/Src/stm32f7xx_hal.o
 .debug_aranges
                0x00000000000002c8      0x118 ./Drivers/STM32F7xx_HAL_Driver/Src/stm32f7xx_hal_cortex.o
 .debug_aranges
                0x00000000000003e0       0x58 ./Drivers/STM32F7xx_HAL_Driver/Src/stm32f7xx_hal_gpio.o
 .debug_aranges
                0x0000000000000438       0xa0 ./Drivers/STM32F7xx_HAL_Driver/Src/stm32f7xx_hal_pwr.o
 .debug_aranges
                0x00000000000004d8       0x80 ./Drivers/STM32F7xx_HAL_Driver/Src/stm32f7xx_hal_pwr_ex.o
 .debug_aranges
                0x0000000000000558       0x88 ./Drivers/STM32F7xx_HAL_Driver/Src/stm32f7xx_hal_rcc.o
 .debug_aranges
                0x00000000000005e0       0x50 ./Drivers/STM32F7xx_HAL_Driver/Src/stm32f7xx_hal_rcc_ex.o
 .debug_aranges
                0x0000000000000630      0x228 ./Drivers/STM32F7xx_HAL_Driver/Src/stm32f7xx_hal_uart.o
 .debug_aranges
                0x0000000000000858       0x58 ./QPC/Src/qep_hsm.o
 .debug_aranges
                0x00000000000008b0       0x30 ./QPC/Src/qf_act.o
 .debug_aranges
                0x00000000000008e0       0x68 ./QPC/Src/qf_actq.o
 .debug_aranges
                0x0000000000000948       0x48 ./QPC/Src/qf_dyn.o
 .debug_aranges
                0x0000000000000990       0x38 ./QPC/Src/qf_mem.o
 .debug_aranges
                0x00000000000009c8       0x68 ./QPC/Src/qf_ps.o
 .debug_aranges
                0x0000000000000a30       0x20 ./QPC/Src/qf_qact.o
 .debug_aranges
                0x0000000000000a50       0x38 ./QPC/Src/qf_qeq.o
 .debug_aranges
                0x0000000000000a88       0x58 ./QPC/Src/qf_time.o
 .debug_aranges
                0x0000000000000ae0       0x50 ./QPC/Src/qv.o
 .debug_aranges
                0x0000000000000b30       0x20 ./QPC/Src/qv_port.o
 .debug_aranges
                0x0000000000000b50       0x68 ./User/Src/Bsp.o
 .debug_aranges
                0x0000000000000bb8       0x58 ./User/Src/TimeBomb.o

.debug_ranges   0x0000000000000000      0xaa0
 .debug_ranges  0x0000000000000000       0x50 ./Core/Src/main.o
 .debug_ranges  0x0000000000000050       0x40 ./Core/Src/retarget.o
 .debug_ranges  0x0000000000000090       0x30 ./Core/Src/stm32f7xx_hal_msp.o
 .debug_ranges  0x00000000000000c0       0x58 ./Core/Src/stm32f7xx_it.o
 .debug_ranges  0x0000000000000118       0x10 ./Core/Src/sysmem.o
 .debug_ranges  0x0000000000000128       0x18 ./Core/Src/system_stm32f7xx.o
 .debug_ranges  0x0000000000000140       0x20 ./Core/Startup/startup_stm32f746zgtx.o
 .debug_ranges  0x0000000000000160       0xf0 ./Drivers/STM32F7xx_HAL_Driver/Src/stm32f7xx_hal.o
 .debug_ranges  0x0000000000000250      0x108 ./Drivers/STM32F7xx_HAL_Driver/Src/stm32f7xx_hal_cortex.o
 .debug_ranges  0x0000000000000358       0x48 ./Drivers/STM32F7xx_HAL_Driver/Src/stm32f7xx_hal_gpio.o
 .debug_ranges  0x00000000000003a0       0x90 ./Drivers/STM32F7xx_HAL_Driver/Src/stm32f7xx_hal_pwr.o
 .debug_ranges  0x0000000000000430       0x70 ./Drivers/STM32F7xx_HAL_Driver/Src/stm32f7xx_hal_pwr_ex.o
 .debug_ranges  0x00000000000004a0       0x78 ./Drivers/STM32F7xx_HAL_Driver/Src/stm32f7xx_hal_rcc.o
 .debug_ranges  0x0000000000000518       0x40 ./Drivers/STM32F7xx_HAL_Driver/Src/stm32f7xx_hal_rcc_ex.o
 .debug_ranges  0x0000000000000558      0x248 ./Drivers/STM32F7xx_HAL_Driver/Src/stm32f7xx_hal_uart.o
 .debug_ranges  0x00000000000007a0       0x48 ./QPC/Src/qep_hsm.o
 .debug_ranges  0x00000000000007e8       0x20 ./QPC/Src/qf_act.o
 .debug_ranges  0x0000000000000808       0x58 ./QPC/Src/qf_actq.o
 .debug_ranges  0x0000000000000860       0x38 ./QPC/Src/qf_dyn.o
 .debug_ranges  0x0000000000000898       0x28 ./QPC/Src/qf_mem.o
 .debug_ranges  0x00000000000008c0       0x58 ./QPC/Src/qf_ps.o
 .debug_ranges  0x0000000000000918       0x10 ./QPC/Src/qf_qact.o
 .debug_ranges  0x0000000000000928       0x28 ./QPC/Src/qf_qeq.o
 .debug_ranges  0x0000000000000950       0x60 ./QPC/Src/qf_time.o
 .debug_ranges  0x00000000000009b0       0x40 ./QPC/Src/qv.o
 .debug_ranges  0x00000000000009f0       0x10 ./QPC/Src/qv_port.o
 .debug_ranges  0x0000000000000a00       0x58 ./User/Src/Bsp.o
 .debug_ranges  0x0000000000000a58       0x48 ./User/Src/TimeBomb.o

.debug_macro    0x0000000000000000    0x281c9
 .debug_macro   0x0000000000000000      0x462 ./Core/Src/main.o
 .debug_macro   0x0000000000000462      0xa78 ./Core/Src/main.o
 .debug_macro   0x0000000000000eda      0x2a1 ./Core/Src/main.o
 .debug_macro   0x000000000000117b       0x2e ./Core/Src/main.o
 .debug_macro   0x00000000000011a9       0x3b ./Core/Src/main.o
 .debug_macro   0x00000000000011e4       0x22 ./Core/Src/main.o
 .debug_macro   0x0000000000001206       0x8e ./Core/Src/main.o
 .debug_macro   0x0000000000001294       0x51 ./Core/Src/main.o
 .debug_macro   0x00000000000012e5      0x103 ./Core/Src/main.o
 .debug_macro   0x00000000000013e8       0x6a ./Core/Src/main.o
 .debug_macro   0x0000000000001452      0x1df ./Core/Src/main.o
 .debug_macro   0x0000000000001631       0x1c ./Core/Src/main.o
 .debug_macro   0x000000000000164d       0x22 ./Core/Src/main.o
 .debug_macro   0x000000000000166f       0xd9 ./Core/Src/main.o
 .debug_macro   0x0000000000001748     0x12cd ./Core/Src/main.o
 .debug_macro   0x0000000000002a15      0x11f ./Core/Src/main.o
 .debug_macro   0x0000000000002b34       0x19 ./Core/Src/main.o
 .debug_macro   0x0000000000002b4d    0x191da ./Core/Src/main.o
 .debug_macro   0x000000000001bd27       0x6d ./Core/Src/main.o
 .debug_macro   0x000000000001bd94     0x3714 ./Core/Src/main.o
 .debug_macro   0x000000000001f4a8      0x174 ./Core/Src/main.o
 .debug_macro   0x000000000001f61c       0x63 ./Core/Src/main.o
 .debug_macro   0x000000000001f67f     0x18ad ./Core/Src/main.o
 .debug_macro   0x0000000000020f2c      0x6c4 ./Core/Src/main.o
 .debug_macro   0x00000000000215f0      0x185 ./Core/Src/main.o
 .debug_macro   0x0000000000021775      0x115 ./Core/Src/main.o
 .debug_macro   0x000000000002188a      0x1fd ./Core/Src/main.o
 .debug_macro   0x0000000000021a87       0xa5 ./Core/Src/main.o
 .debug_macro   0x0000000000021b2c      0x24f ./Core/Src/main.o
 .debug_macro   0x0000000000021d7b       0x41 ./Core/Src/main.o
 .debug_macro   0x0000000000021dbc       0x58 ./Core/Src/main.o
 .debug_macro   0x0000000000021e14      0x236 ./Core/Src/main.o
 .debug_macro   0x000000000002204a      0xcce ./Core/Src/main.o
 .debug_macro   0x0000000000022d18      0x14e ./Core/Src/main.o
 .debug_macro   0x0000000000022e66      0x25a ./Core/Src/main.o
 .debug_macro   0x00000000000230c0       0x12 ./Core/Src/main.o
 .debug_macro   0x00000000000230d2      0x22c ./Core/Src/main.o
 .debug_macro   0x00000000000232fe       0x61 ./Core/Src/main.o
 .debug_macro   0x000000000002335f       0xa5 ./Core/Src/main.o
 .debug_macro   0x0000000000023404      0x12e ./Core/Src/main.o
 .debug_macro   0x0000000000023532      0x108 ./Core/Src/main.o
 .debug_macro   0x000000000002363a       0x35 ./Core/Src/main.o
 .debug_macro   0x000000000002366f      0x558 ./Core/Src/main.o
 .debug_macro   0x0000000000023bc7       0x44 ./Core/Src/main.o
 .debug_macro   0x0000000000023c0b      0x14d ./Core/Src/main.o
 .debug_macro   0x0000000000023d58      0x11e ./Core/Src/main.o
 .debug_macro   0x0000000000023e76       0x52 ./Core/Src/main.o
 .debug_macro   0x0000000000023ec8       0x1e ./Core/Src/main.o
 .debug_macro   0x0000000000023ee6       0x3c ./Core/Src/main.o
 .debug_macro   0x0000000000023f22       0x34 ./Core/Src/main.o
 .debug_macro   0x0000000000023f56       0x16 ./Core/Src/main.o
 .debug_macro   0x0000000000023f6c       0x35 ./Core/Src/main.o
 .debug_macro   0x0000000000023fa1      0x341 ./Core/Src/main.o
 .debug_macro   0x00000000000242e2       0x10 ./Core/Src/main.o
 .debug_macro   0x00000000000242f2       0x16 ./Core/Src/main.o
 .debug_macro   0x0000000000024308       0x43 ./Core/Src/main.o
 .debug_macro   0x000000000002434b       0x34 ./Core/Src/main.o
 .debug_macro   0x000000000002437f       0x10 ./Core/Src/main.o
 .debug_macro   0x000000000002438f       0x58 ./Core/Src/main.o
 .debug_macro   0x00000000000243e7       0x71 ./Core/Src/main.o
 .debug_macro   0x0000000000024458       0x1c ./Core/Src/main.o
 .debug_macro   0x0000000000024474      0x12a ./Core/Src/main.o
 .debug_macro   0x000000000002459e       0x10 ./Core/Src/main.o
 .debug_macro   0x00000000000245ae       0x1c ./Core/Src/main.o
 .debug_macro   0x00000000000245ca       0x52 ./Core/Src/main.o
 .debug_macro   0x000000000002461c       0x22 ./Core/Src/main.o
 .debug_macro   0x000000000002463e       0x10 ./Core/Src/main.o
 .debug_macro   0x000000000002464e       0x52 ./Core/Src/main.o
 .debug_macro   0x00000000000246a0       0xd5 ./Core/Src/main.o
 .debug_macro   0x0000000000024775       0x1c ./Core/Src/main.o
 .debug_macro   0x0000000000024791       0x3d ./Core/Src/main.o
 .debug_macro   0x00000000000247ce       0x16 ./Core/Src/main.o
 .debug_macro   0x00000000000247e4      0x145 ./Core/Src/main.o
 .debug_macro   0x0000000000024929       0x16 ./Core/Src/main.o
 .debug_macro   0x000000000002493f       0x16 ./Core/Src/main.o
 .debug_macro   0x0000000000024955       0x29 ./Core/Src/main.o
 .debug_macro   0x000000000002497e       0x22 ./Core/Src/main.o
 .debug_macro   0x00000000000249a0       0x16 ./Core/Src/main.o
 .debug_macro   0x00000000000249b6       0x10 ./Core/Src/main.o
 .debug_macro   0x00000000000249c6       0x10 ./Core/Src/main.o
 .debug_macro   0x00000000000249d6       0x35 ./Core/Src/main.o
 .debug_macro   0x0000000000024a0b      0x12c ./Core/Src/main.o
 .debug_macro   0x0000000000024b37       0x52 ./Core/Src/main.o
 .debug_macro   0x0000000000024b89       0x10 ./Core/Src/main.o
 .debug_macro   0x0000000000024b99       0xd8 ./Core/Src/main.o
 .debug_macro   0x0000000000024c71       0x1c ./Core/Src/main.o
 .debug_macro   0x0000000000024c8d       0x10 ./Core/Src/main.o
 .debug_macro   0x0000000000024c9d       0x1d ./Core/Src/main.o
 .debug_macro   0x0000000000024cba       0x70 ./Core/Src/main.o
 .debug_macro   0x0000000000024d2a       0x7e ./Core/Src/main.o
 .debug_macro   0x0000000000024da8       0xee ./Core/Src/main.o
 .debug_macro   0x0000000000024e96       0x71 ./Core/Src/main.o
 .debug_macro   0x0000000000024f07       0x1c ./Core/Src/main.o
 .debug_macro   0x0000000000024f23      0x41b ./Core/Src/retarget.o
 .debug_macro   0x000000000002533e       0x4c ./Core/Src/retarget.o
 .debug_macro   0x000000000002538a       0x94 ./Core/Src/retarget.o
 .debug_macro   0x000000000002541e       0x1c ./Core/Src/retarget.o
 .debug_macro   0x000000000002543a       0x10 ./Core/Src/retarget.o
 .debug_macro   0x000000000002544a       0x57 ./Core/Src/retarget.o
 .debug_macro   0x00000000000254a1      0x23b ./Core/Src/retarget.o
 .debug_macro   0x00000000000256dc       0xc8 ./Core/Src/retarget.o
 .debug_macro   0x00000000000257a4       0x7c ./Core/Src/retarget.o
 .debug_macro   0x0000000000025820       0x17 ./Core/Src/retarget.o
 .debug_macro   0x0000000000025837      0x118 ./Core/Src/retarget.o
 .debug_macro   0x000000000002594f      0x189 ./Core/Src/retarget.o
 .debug_macro   0x0000000000025ad8       0x16 ./Core/Src/retarget.o
 .debug_macro   0x0000000000025aee       0x5d ./Core/Src/retarget.o
 .debug_macro   0x0000000000025b4b      0x132 ./Core/Src/retarget.o
 .debug_macro   0x0000000000025c7d       0x1c ./Core/Src/retarget.o
 .debug_macro   0x0000000000025c99       0x10 ./Core/Src/retarget.o
 .debug_macro   0x0000000000025ca9      0x1e7 ./Core/Src/stm32f7xx_hal_msp.o
 .debug_macro   0x0000000000025e90      0x1f1 ./Core/Src/stm32f7xx_it.o
 .debug_macro   0x0000000000026081       0xff ./Core/Src/sysmem.o
 .debug_macro   0x0000000000026180      0x1d8 ./Core/Src/system_stm32f7xx.o
 .debug_macro   0x0000000000026358      0x1fc ./Drivers/STM32F7xx_HAL_Driver/Src/stm32f7xx_hal.o
 .debug_macro   0x0000000000026554      0x1d8 ./Drivers/STM32F7xx_HAL_Driver/Src/stm32f7xx_hal_cortex.o
 .debug_macro   0x000000000002672c      0x1de ./Drivers/STM32F7xx_HAL_Driver/Src/stm32f7xx_hal_gpio.o
 .debug_macro   0x000000000002690a      0x1f6 ./Drivers/STM32F7xx_HAL_Driver/Src/stm32f7xx_hal_pwr.o
 .debug_macro   0x0000000000026b00      0x1f0 ./Drivers/STM32F7xx_HAL_Driver/Src/stm32f7xx_hal_pwr_ex.o
 .debug_macro   0x0000000000026cf0      0x1fc ./Drivers/STM32F7xx_HAL_Driver/Src/stm32f7xx_hal_rcc.o
 .debug_macro   0x0000000000026eec      0x1d8 ./Drivers/STM32F7xx_HAL_Driver/Src/stm32f7xx_hal_rcc_ex.o
 .debug_macro   0x00000000000270c4      0x1f5 ./Drivers/STM32F7xx_HAL_Driver/Src/stm32f7xx_hal_uart.o
 .debug_macro   0x00000000000272b9       0xa2 ./QPC/Src/qep_hsm.o
 .debug_macro   0x000000000002735b      0x178 ./QPC/Src/qep_hsm.o
 .debug_macro   0x00000000000274d3       0xe5 ./QPC/Src/qf_act.o
 .debug_macro   0x00000000000275b8       0x46 ./QPC/Src/qf_act.o
 .debug_macro   0x00000000000275fe       0x66 ./QPC/Src/qf_act.o
 .debug_macro   0x0000000000027664       0xec ./QPC/Src/qf_actq.o
 .debug_macro   0x0000000000027750       0xe5 ./QPC/Src/qf_dyn.o
 .debug_macro   0x0000000000027835       0xe5 ./QPC/Src/qf_mem.o
 .debug_macro   0x000000000002791a       0xe5 ./QPC/Src/qf_ps.o
 .debug_macro   0x00000000000279ff       0xd3 ./QPC/Src/qf_qact.o
 .debug_macro   0x0000000000027ad2       0xe5 ./QPC/Src/qf_qeq.o
 .debug_macro   0x0000000000027bb7       0xe5 ./QPC/Src/qf_time.o
 .debug_macro   0x0000000000027c9c       0xe5 ./QPC/Src/qv.o
 .debug_macro   0x0000000000027d81       0xdc ./QPC/Src/qv_port.o
 .debug_macro   0x0000000000027e5d      0x273 ./User/Src/Bsp.o
 .debug_macro   0x00000000000280d0       0xf9 ./User/Src/TimeBomb.o

.debug_line     0x0000000000000000    0x107fa
 .debug_line    0x0000000000000000      0xc9d ./Core/Src/main.o
 .debug_line    0x0000000000000c9d      0xb3b ./Core/Src/retarget.o
 .debug_line    0x00000000000017d8      0x7b0 ./Core/Src/stm32f7xx_hal_msp.o
 .debug_line    0x0000000000001f88      0x7a4 ./Core/Src/stm32f7xx_it.o
 .debug_line    0x000000000000272c      0x4e5 ./Core/Src/sysmem.o
 .debug_line    0x0000000000002c11      0x748 ./Core/Src/system_stm32f7xx.o
 .debug_line    0x0000000000003359       0x88 ./Core/Startup/startup_stm32f746zgtx.o
 .debug_line    0x00000000000033e1      0x9d9 ./Drivers/STM32F7xx_HAL_Driver/Src/stm32f7xx_hal.o
 .debug_line    0x0000000000003dba      0xc5f ./Drivers/STM32F7xx_HAL_Driver/Src/stm32f7xx_hal_cortex.o
 .debug_line    0x0000000000004a19      0xb4d ./Drivers/STM32F7xx_HAL_Driver/Src/stm32f7xx_hal_gpio.o
 .debug_line    0x0000000000005566      0x8dd ./Drivers/STM32F7xx_HAL_Driver/Src/stm32f7xx_hal_pwr.o
 .debug_line    0x0000000000005e43      0x94e ./Drivers/STM32F7xx_HAL_Driver/Src/stm32f7xx_hal_pwr_ex.o
 .debug_line    0x0000000000006791      0xe1c ./Drivers/STM32F7xx_HAL_Driver/Src/stm32f7xx_hal_rcc.o
 .debug_line    0x00000000000075ad      0xdd5 ./Drivers/STM32F7xx_HAL_Driver/Src/stm32f7xx_hal_rcc_ex.o
 .debug_line    0x0000000000008382     0x31a3 ./Drivers/STM32F7xx_HAL_Driver/Src/stm32f7xx_hal_uart.o