../Core/Src/ClockAlarm_SM.c:115:17:Clock_Alarm_get_curr_time	16	static
../Core/Src/ClockAlarm_SM.c:124:13:Clock_Alarm_update_curr_time	4	static
../Core/Src/ClockAlarm_SM.c:131:13:Clock_Alarm_set_curr_time	16	static
../Core/Src/ClockAlarm_SM.c:138:13:Clock_Alarm_display_curr_time	72	static
../Core/Src/ClockAlarm_SM.c:164:13:Clock_Alarm_display_clock_setting_time	48	static
../Core/Src/ClockAlarm_SM.c:196:15:Clock_Alarm_initial	16	static
../Core/Src/ClockAlarm_SM.c:207:15:Clock_Alarm_Clock	24	static
../Core/Src/ClockAlarm_SM.c:236:15:Clock_Alarm_Ticking	24	static
../Core/Src/ClockAlarm_SM.c:287:15:Clock_Alarm_Settings	24	static
../Core/Src/ClockAlarm_SM.c:308:15:Clock_Alarm_Clock_Setting	24	static
../Core/Src/ClockAlarm_SM.c:350:15:Clock_Alarm_cs_hour_d1	24	static
../Core/Src/ClockAlarm_SM.c:384:15:Clock_Alarm_cs_hour_d2	24	static
../Core/Src/ClockAlarm_SM.c:418:15:Clock_Alarm_cs_min_d1	24	static
../Core/Src/ClockAlarm_SM.c:452:15:Clock_Alarm_cs_min_d2	24	static
../Core/Src/ClockAlarm_SM.c:486:15:Clock_Alarm_cs_sec_d1	24	static
../Core/Src/ClockAlarm_SM.c:520:15:Clock_Alarm_cs_sec_d2	24	static
../Core/Src/ClockAlarm_SM.c:554:15:Clock_Alarm_cs_format	40	static
../Core/Src/ClockAlarm_SM.c:609:15:Clock_Alarm_cs_error	24	static
../Core/Src/ClockAlarm_SM.c:641:15:Clock_Alarm_cs_err_on	24	static
../Core/Src/ClockAlarm_SM.c:674:15:Clock_Alarm_cs_err_off	24	static
../Core/Src/ClockAlarm_SM.c:698:15:Clock_Alarm_Alarm_Setting	24	static
../Core/Src/ClockAlarm_SM.c:761:15:Clock_Alarm_as_hour_d1	24	static
../Core/Src/ClockAlarm_SM.c:795:15:Clock_Alarm_as_hour_d2	24	static
../Core/Src/ClockAlarm_SM.c:829:15:Clock_Alarm_as_min_d1	24	static
../Core/Src/ClockAlarm_SM.c:863:15:Clock_Alarm_as_min_d2	24	static
../Core/Src/ClockAlarm_SM.c:897:15:Clock_Alarm_as_sec_d1	24	static
../Core/Src/ClockAlarm_SM.c:931:15:Clock_Alarm_as_sec_d2	24	static
../Core/Src/ClockAlarm_SM.c:965:15:Clock_Alarm_as_format	40	static
../Core/Src/ClockAlarm_SM.c:1021:15:Clock_Alarm_as_error	24	static
../Core/Src/ClockAlarm_SM.c:1058:15:Clock_Alarm_as_err_on	24	static
../Core/Src/ClockAlarm_SM.c:1091:15:Clock_Alarm_as_err_off	24	static
../Core/Src/ClockAlarm_SM.c:1115:15:Clock_Alarm_alarm_onoff	24	static
../Core/Src/ClockAlarm_SM.c:1147:15:Clock_Alarm_Alarm_Notify	24	static
../Core/Src/ClockAlarm_SM.c:1188:15:Clock_Alarm_alarm_msg_on	24	static
../Core/Src/ClockAlarm_SM.c:1218:15:Clock_Alarm_alarm_msg_off	24	static
../Core/Src/ClockAlarm_SM.c:1244:6:Clock_Alarm_ctor	8	static
../Core/Src/ClockAlarm_SM.c:1251:6:HAL_TIM_PeriodElapsedCallback	16	static
../Core/Src/ClockAlarm_SM.c:1262:10:convert_12hformat_to_24h	24	static
../Core/Src/ClockAlarm_SM.c:1279:10:convert_24hformat_to_12h	24	static
../Core/Src/ClockAlarm_SM.c:1301:7:get_am_or_pm	24	static
../Core/Src/ClockAlarm_SM.c:1331:7:display_write	16	static
../Core/Src/ClockAlarm_SM.c:1338:6:display_set_cursor	16	static
../Core/Src/ClockAlarm_SM.c:1349:7:integertime_to_string	32	static
../Core/Src/ClockAlarm_SM.c:1362:6:is_time_set_error	24	static
