../Drivers/CMSIS/Include/core_cm7.h:2147:34:__NVIC_SystemReset	4	static,ignoring_inline_asm
../Core/Src/main.c:103:5:main	64	static
../Core/Src/main.c:189:6:SystemClock_Config	88	static
../Core/Src/main.c:246:13:MX_ETH_Init	8	static
../Core/Src/main.c:293:13:MX_USART3_UART_Init	8	static
../Core/Src/main.c:328:13:MX_GPIO_Init	56	static
../Core/Src/main.c:386:6:Q_onAssert	16	static
../Core/Src/main.c:394:6:vApplicationStackOverflowHook	16	static,ignoring_inline_asm
../Core/Src/main.c:401:6:vApplicationTickHook	8	static,ignoring_inline_asm
../Core/Src/main.c:407:6:vApplicationMallocFailedHook	8	static,ignoring_inline_asm
../Core/Src/main.c:422:6:StartDefaultTask	16	static
../Core/Src/main.c:441:6:HAL_TIM_PeriodElapsedCallback	16	static
../Core/Src/main.c:458:6:Error_Handler	4	static,ignoring_inline_asm
