../Drivers/CMSIS/Include/core_cm7.h:2147:34:__NVIC_SystemReset	4	static,ignoring_inline_asm
../Core/Src/main.c:88:5:main	32	static
../Core/Src/main.c:142:6:SystemClock_Config	88	static
../Core/Src/main.c:199:13:MX_ETH_Init	8	static
../Core/Src/main.c:246:13:MX_USART3_UART_Init	8	static
../Core/Src/main.c:281:13:MX_GPIO_Init	56	static
../Core/Src/main.c:339:6:Q_onAssert	16	static
../Core/Src/main.c:352:6:HAL_SYSTICK_Callback	8	static,ignoring_inline_asm
../Core/Src/main.c:372:6:Error_Handler	4	static,ignoring_inline_asm
