../Drivers/CMSIS/Include/core_cm7.h:2147:34:__NVIC_SystemReset	4	static,ignoring_inline_asm
../Core/Src/main.c:86:5:main	32	static
../Core/Src/main.c:171:6:SystemClock_Config	88	static
../Core/Src/main.c:228:13:MX_TIM6_Init	24	static
../Core/Src/main.c:266:13:MX_USART3_UART_Init	8	static
../Core/Src/main.c:299:13:MX_DMA_Init	16	static
../Core/Src/main.c:320:13:MX_GPIO_Init	56	static
../Core/Src/main.c:385:6:Q_onAssert	16	static
../Core/Src/main.c:398:6:HAL_SYSTICK_Callback	16	static,ignoring_inline_asm
../Core/Src/main.c:414:6:QV_onIdle	8	static
../Core/Src/main.c:423:6:QF_onStartup	4	static
../Core/Src/main.c:433:6:Error_Handler	4	static,ignoring_inline_asm
