../Core/Src/stm32f7xx_it.c:74:6:NMI_Handler	4	static
../Core/Src/stm32f7xx_it.c:89:6:HardFault_Handler	4	static
../Core/Src/stm32f7xx_it.c:104:6:MemManage_Handler	4	static
../Core/Src/stm32f7xx_it.c:119:6:BusFault_Handler	4	static
../Core/Src/stm32f7xx_it.c:134:6:UsageFault_Handler	4	static
../Core/Src/stm32f7xx_it.c:149:6:DebugMon_Handler	4	static
../Core/Src/stm32f7xx_it.c:162:6:SysTick_Handler	8	static
../Core/Src/stm32f7xx_it.c:183:6:EXTI4_IRQHandler	8	static
../Core/Src/stm32f7xx_it.c:197:6:DMA1_Stream1_IRQHandler	8	static
../Core/Src/stm32f7xx_it.c:211:6:DMA1_Stream3_IRQHandler	8	static
../Core/Src/stm32f7xx_it.c:225:6:EXTI9_5_IRQHandler	8	static
../Core/Src/stm32f7xx_it.c:239:6:USART3_IRQHandler	8	static
../Core/Src/stm32f7xx_it.c:253:6:EXTI15_10_IRQHandler	8	static
../Core/Src/stm32f7xx_it.c:267:6:TIM6_DAC_IRQHandler	8	static
../Core/Src/stm32f7xx_it.c:281:6:ETH_IRQHandler	8	static
../Core/Src/stm32f7xx_it.c:295:6:ETH_WKUP_IRQHandler	8	static
