../Drivers/CMSIS/Include/core_cm7.h:2147:34:__NVIC_SystemReset	4	static,ignoring_inline_asm
../Core/Src/main.c:92:5:main	32	static
../Core/Src/main.c:147:6:SystemClock_Config	88	static
../Core/Src/main.c:204:13:MX_ETH_Init	8	static
../Core/Src/main.c:251:13:MX_USART3_UART_Init	8	static
../Core/Src/main.c:286:13:MX_GPIO_Init	56	static
../Core/Src/main.c:344:6:Q_onAssert	16	static
../Core/Src/main.c:357:6:HAL_SYSTICK_Callback	8	static,ignoring_inline_asm
../Core/Src/main.c:377:6:Error_Handler	4	static,ignoring_inline_asm
