../Core/Src/main.c:74:5:main	16	static
../Core/Src/main.c:171:6:SystemClock_Config	88	static
../Core/Src/main.c:228:13:MX_ETH_Init	8	static
../Core/Src/main.c:275:13:MX_USART3_UART_Init	8	static
../Core/Src/main.c:310:13:MX_GPIO_Init	56	static
../Core/Src/main.c:364:13:protimer_event_dispatcher	24	static
../Core/Src/main.c:391:16:process_button_pad_value	16	static
../Core/Src/main.c:430:6:xITM_SendChar	16	static
../Core/Src/main.c:445:5:_write	32	static
../Core/Src/main.c:462:6:Error_Handler	4	static,ignoring_inline_asm
