../Core/Src/protimer_state_mach.c:37:6:protimer_init	24	static
../Core/Src/protimer_state_mach.c:58:16:protimer_state_machine	16	static
../Core/Src/protimer_state_mach.c:84:23:protimer_state_handler_IDLE	16	static
../Core/Src/protimer_state_mach.c:128:23:protimer_state_handler_TIME_SET	16	static
../Core/Src/protimer_state_mach.c:178:23:protimer_state_handler_COUNTDOWN	16	static
../Core/Src/protimer_state_mach.c:220:23:protimer_state_handler_PAUSE	16	static
../Core/Src/protimer_state_mach.c:264:23:protimer_state_handler_STAT	16	static
../Core/Src/protimer_state_mach.c:306:13:Display_Time	24	static
../Core/Src/protimer_state_mach.c:312:13:Display_Message	16	static,ignoring_inline_asm
../Core/Src/protimer_state_mach.c:317:13:Display_Clear	16	static,ignoring_inline_asm
../Core/Src/protimer_state_mach.c:322:13:Do_Beep	8	static,ignoring_inline_asm
