../Core/Src/main.c:181:5:main	64	static
../Core/Src/main.c:267:6:SystemClock_Config	88	static
../Core/Src/main.c:324:13:MX_ETH_Init	8	static
../Core/Src/main.c:371:13:MX_USART3_UART_Init	8	static
../Core/Src/main.c:406:13:MX_GPIO_Init	56	static
../Core/Src/main.c:465:6:Active_start	40	static
../Core/Src/main.c:482:13:Active_EventLoop	24	static,ignoring_inline_asm
../Core/Src/main.c:537:6:vApplicationStackOverflowHook	16	static,ignoring_inline_asm
../Core/Src/main.c:544:6:vApplicationTickHook	4	static,ignoring_inline_asm
../Core/Src/main.c:549:6:vApplicationMallocFailedHook	8	static,ignoring_inline_asm
../Core/Src/main.c:567:6:HAL_GPIO_EXTI_Callback	16	static
../Core/Src/main.c:577:6:Active_post	24	static
../Core/Src/main.c:592:6:StartDefaultTask	16	static
../Core/Src/main.c:612:6:HAL_TIM_PeriodElapsedCallback	16	static
../Core/Src/main.c:629:6:Error_Handler	4	static,ignoring_inline_asm
