../Drivers/CMSIS/Include/core_cm7.h:2147:34:__NVIC_SystemReset	4	static,ignoring_inline_asm
../Core/Src/main.c:125:6:LocalNtp_Request	24	static
../Core/Src/main.c:165:8:UdpNTP_Konf	8	static
../Core/Src/main.c:181:6:NtpMesajParcala	24	static
../Core/Src/main.c:206:6:udpNtpcallback	24	static
../Core/Src/main.c:217:6:UdpNtpVeriPaketiGonder	16	static
../Core/Src/main.c:234:6:NtpIstekGonder	8	static
../Core/Src/main.c:242:6:HAL_RTCEx_WakeUpTimerEventCallback	72	static,ignoring_inline_asm
../Core/Src/main.c:294:5:main	8	static
../Core/Src/main.c:377:6:SystemClock_Config	88	static
../Core/Src/main.c:436:13:MX_RTC_Init	40	static
../Core/Src/main.c:506:13:MX_USART3_UART_Init	8	static
../Core/Src/main.c:541:13:MX_GPIO_Init	56	static
../Core/Src/main.c:598:6:HAL_GPIO_EXTI_Callback	16	static,ignoring_inline_asm
../Core/Src/main.c:611:6:Q_onAssert	16	static
../Core/Src/main.c:624:6:Error_Handler	4	static,ignoring_inline_asm
