../Drivers/CMSIS/Include/core_cm7.h:2147:34:__NVIC_SystemReset	4	static,ignoring_inline_asm
../Core/Src/main.c:90:5:main	64	static
../Core/Src/main.c:203:6:SystemClock_Config	88	static
../Core/Src/main.c:260:13:MX_TIM6_Init	24	static
../Core/Src/main.c:298:13:MX_USART3_UART_Init	8	static
../Core/Src/main.c:331:13:MX_DMA_Init	16	static
../Core/Src/main.c:352:13:MX_GPIO_Init	56	static
../Core/Src/main.c:417:6:Q_onAssert	16	static
../Core/Src/main.c:430:6:HAL_SYSTICK_Callback	16	static,ignoring_inline_asm
../Core/Src/main.c:446:6:QV_onIdle	8	static
../Core/Src/main.c:455:6:QF_onStartup	4	static
../Core/Src/main.c:468:6:StartDefaultTask	16	static
../Core/Src/main.c:485:6:Error_Handler	4	static,ignoring_inline_asm
